Archive member included to satisfy reference by file (symbol)

/usr/lib/gcc/arm-none-eabi/10.3.1/../../../arm-none-eabi/lib/thumb/v7e-m+dp/hard/libc_nano.a(lib_a-atexit.o)
                              /usr/lib/gcc/arm-none-eabi/10.3.1/../../../arm-none-eabi/lib/thumb/v7e-m+dp/hard/crt0.o (atexit)
/usr/lib/gcc/arm-none-eabi/10.3.1/../../../arm-none-eabi/lib/thumb/v7e-m+dp/hard/libc_nano.a(lib_a-errno.o)
                              build/sysmem.o (__errno)
/usr/lib/gcc/arm-none-eabi/10.3.1/../../../arm-none-eabi/lib/thumb/v7e-m+dp/hard/libc_nano.a(lib_a-exit.o)
                              /usr/lib/gcc/arm-none-eabi/10.3.1/../../../arm-none-eabi/lib/thumb/v7e-m+dp/hard/crt0.o (exit)
/usr/lib/gcc/arm-none-eabi/10.3.1/../../../arm-none-eabi/lib/thumb/v7e-m+dp/hard/libc_nano.a(lib_a-fini.o)
                              /usr/lib/gcc/arm-none-eabi/10.3.1/../../../arm-none-eabi/lib/thumb/v7e-m+dp/hard/crt0.o (__libc_fini_array)
/usr/lib/gcc/arm-none-eabi/10.3.1/../../../arm-none-eabi/lib/thumb/v7e-m+dp/hard/libc_nano.a(lib_a-impure.o)
                              /usr/lib/gcc/arm-none-eabi/10.3.1/../../../arm-none-eabi/lib/thumb/v7e-m+dp/hard/libc_nano.a(lib_a-exit.o) (_global_impure_ptr)
/usr/lib/gcc/arm-none-eabi/10.3.1/../../../arm-none-eabi/lib/thumb/v7e-m+dp/hard/libc_nano.a(lib_a-init.o)
                              /usr/lib/gcc/arm-none-eabi/10.3.1/../../../arm-none-eabi/lib/thumb/v7e-m+dp/hard/crt0.o (__libc_init_array)
/usr/lib/gcc/arm-none-eabi/10.3.1/../../../arm-none-eabi/lib/thumb/v7e-m+dp/hard/libc_nano.a(lib_a-memcpy.o)
                              build/RingBuf.o (memcpy)
/usr/lib/gcc/arm-none-eabi/10.3.1/../../../arm-none-eabi/lib/thumb/v7e-m+dp/hard/libc_nano.a(lib_a-memset.o)
                              /usr/lib/gcc/arm-none-eabi/10.3.1/../../../arm-none-eabi/lib/thumb/v7e-m+dp/hard/crt0.o (memset)
/usr/lib/gcc/arm-none-eabi/10.3.1/../../../arm-none-eabi/lib/thumb/v7e-m+dp/hard/libc_nano.a(lib_a-nano-vfprintf_float.o)
                              (_printf_float)
/usr/lib/gcc/arm-none-eabi/10.3.1/../../../arm-none-eabi/lib/thumb/v7e-m+dp/hard/libc_nano.a(lib_a-nano-vfprintf_i.o)
                              /usr/lib/gcc/arm-none-eabi/10.3.1/../../../arm-none-eabi/lib/thumb/v7e-m+dp/hard/libc_nano.a(lib_a-nano-vfprintf_float.o) (_printf_common)
/usr/lib/gcc/arm-none-eabi/10.3.1/../../../arm-none-eabi/lib/thumb/v7e-m+dp/hard/libc_nano.a(lib_a-sprintf.o)
                              build/DefFuncs.o (sprintf)
/usr/lib/gcc/arm-none-eabi/10.3.1/../../../arm-none-eabi/lib/thumb/v7e-m+dp/hard/libc_nano.a(lib_a-strcmp.o)
                              build/States.o (strcmp)
/usr/lib/gcc/arm-none-eabi/10.3.1/../../../arm-none-eabi/lib/thumb/v7e-m+dp/hard/libc_nano.a(lib_a-strlen.o)
                              build/DefFuncs.o (strlen)
/usr/lib/gcc/arm-none-eabi/10.3.1/../../../arm-none-eabi/lib/thumb/v7e-m+dp/hard/libc_nano.a(lib_a-__atexit.o)
                              /usr/lib/gcc/arm-none-eabi/10.3.1/../../../arm-none-eabi/lib/thumb/v7e-m+dp/hard/libc_nano.a(lib_a-atexit.o) (__register_exitproc)
/usr/lib/gcc/arm-none-eabi/10.3.1/../../../arm-none-eabi/lib/thumb/v7e-m+dp/hard/libc_nano.a(lib_a-__call_atexit.o)
                              /usr/lib/gcc/arm-none-eabi/10.3.1/../../../arm-none-eabi/lib/thumb/v7e-m+dp/hard/libc_nano.a(lib_a-__atexit.o) (__call_exitprocs)
/usr/lib/gcc/arm-none-eabi/10.3.1/../../../arm-none-eabi/lib/thumb/v7e-m+dp/hard/libc_nano.a(lib_a-dtoa.o)
                              /usr/lib/gcc/arm-none-eabi/10.3.1/../../../arm-none-eabi/lib/thumb/v7e-m+dp/hard/libc_nano.a(lib_a-nano-vfprintf_float.o) (_dtoa_r)
/usr/lib/gcc/arm-none-eabi/10.3.1/../../../arm-none-eabi/lib/thumb/v7e-m+dp/hard/libc_nano.a(lib_a-localeconv.o)
                              /usr/lib/gcc/arm-none-eabi/10.3.1/../../../arm-none-eabi/lib/thumb/v7e-m+dp/hard/libc_nano.a(lib_a-nano-vfprintf_float.o) (_localeconv_r)
/usr/lib/gcc/arm-none-eabi/10.3.1/../../../arm-none-eabi/lib/thumb/v7e-m+dp/hard/libc_nano.a(lib_a-malloc.o)
                              /usr/lib/gcc/arm-none-eabi/10.3.1/../../../arm-none-eabi/lib/thumb/v7e-m+dp/hard/libc_nano.a(lib_a-dtoa.o) (malloc)
/usr/lib/gcc/arm-none-eabi/10.3.1/../../../arm-none-eabi/lib/thumb/v7e-m+dp/hard/libc_nano.a(lib_a-memchr.o)
                              /usr/lib/gcc/arm-none-eabi/10.3.1/../../../arm-none-eabi/lib/thumb/v7e-m+dp/hard/libc_nano.a(lib_a-nano-vfprintf_i.o) (memchr)
/usr/lib/gcc/arm-none-eabi/10.3.1/../../../arm-none-eabi/lib/thumb/v7e-m+dp/hard/libc_nano.a(lib_a-mprec.o)
                              /usr/lib/gcc/arm-none-eabi/10.3.1/../../../arm-none-eabi/lib/thumb/v7e-m+dp/hard/libc_nano.a(lib_a-dtoa.o) (_Balloc)
/usr/lib/gcc/arm-none-eabi/10.3.1/../../../arm-none-eabi/lib/thumb/v7e-m+dp/hard/libc_nano.a(lib_a-nano-callocr.o)
                              /usr/lib/gcc/arm-none-eabi/10.3.1/../../../arm-none-eabi/lib/thumb/v7e-m+dp/hard/libc_nano.a(lib_a-mprec.o) (_calloc_r)
[...]
Memory Configuration

Name             Origin             Length             Attributes
DTCMRAM          0x0000000020000000 0x0000000000020000 xrw
RAM              0x0000000024000000 0x0000000000020000 xrw
RAM_D2           0x0000000030000000 0x0000000000008000 xrw
RAM_D3           0x0000000038000000 0x0000000000004000 xrw
ITCMRAM          0x0000000000000000 0x0000000000010000 xrw
FLASH            0x0000000008000000 0x0000000000080000 xr
*default*        0x0000000000000000 0xffffffffffffffff

Linker script and memory map

LOAD /usr/lib/gcc/arm-none-eabi/10.3.1/thumb/v7e-m+dp/hard/crti.o
LOAD /usr/lib/gcc/arm-none-eabi/10.3.1/thumb/v7e-m+dp/hard/crtbegin.o
LOAD /usr/lib/gcc/arm-none-eabi/10.3.1/../../../arm-none-eabi/lib/thumb/v7e-m+dp/hard/crt0.o
LOAD build/main.o
LOAD build/DefFuncs.o
LOAD build/init.o
LOAD build/Sensors.o
LOAD build/RingBuf.o
LOAD build/bmp_280.o
LOAD build/icm_20649.o
LOAD build/StateMachine.o
LOAD build/AttitudeEstimation.o
LOAD build/fatfs_sd.o
LOAD build/FEKF.o
LOAD build/GEKF.o
LOAD build/States.o
LOAD build/Time.o
LOAD build/stm32h7xx_it.o
LOAD build/stm32h7xx_hal_msp.o
LOAD build/user_diskio.o
LOAD build/fatfs.o
LOAD build/stm32h7xx_hal_adc.o
LOAD build/stm32h7xx_hal_adc_ex.o
LOAD build/stm32h7xx_hal_rcc.o
LOAD build/stm32h7xx_hal_rcc_ex.o
LOAD build/stm32h7xx_hal_flash.o
LOAD build/stm32h7xx_hal_flash_ex.o
LOAD build/stm32h7xx_hal_gpio.o
LOAD build/stm32h7xx_hal_hsem.o
LOAD build/stm32h7xx_hal_dma.o
LOAD build/stm32h7xx_hal_dma_ex.o
LOAD build/stm32h7xx_hal_mdma.o
LOAD build/stm32h7xx_hal_pwr.o
LOAD build/stm32h7xx_hal_pwr_ex.o
LOAD build/stm32h7xx_hal_cortex.o
LOAD build/stm32h7xx_hal.o
LOAD build/stm32h7xx_hal_i2c.o
LOAD build/stm32h7xx_hal_i2c_ex.o
LOAD build/stm32h7xx_hal_exti.o
LOAD build/stm32h7xx_hal_ospi.o
LOAD build/stm32h7xx_hal_spi.o
LOAD build/stm32h7xx_hal_spi_ex.o
LOAD build/stm32h7xx_hal_tim.o
LOAD build/stm32h7xx_hal_tim_ex.o
LOAD build/stm32h7xx_hal_uart.o
LOAD build/stm32h7xx_hal_uart_ex.o
LOAD build/arm_mat_add_f32.o
LOAD build/arm_mat_add_q15.o
LOAD build/arm_mat_add_q31.o
LOAD build/arm_mat_cmplx_mult_f32.o
LOAD build/arm_mat_cmplx_mult_q15.o
LOAD build/arm_mat_cmplx_mult_q31.o
LOAD build/arm_mat_init_f32.o
LOAD build/arm_mat_init_q15.o
LOAD build/arm_mat_init_q31.o
LOAD build/arm_mat_inverse_f32.o
LOAD build/arm_mat_inverse_f64.o
LOAD build/arm_mat_mult_f32.o
LOAD build/arm_mat_mult_fast_q15.o
LOAD build/arm_mat_mult_fast_q31.o
LOAD build/arm_mat_mult_q15.o
LOAD build/arm_mat_mult_q31.o
LOAD build/arm_mat_scale_f32.o
LOAD build/arm_mat_scale_q15.o
LOAD build/arm_mat_scale_q31.o
LOAD build/arm_mat_sub_f32.o
LOAD build/arm_mat_sub_q15.o
LOAD build/arm_mat_sub_q31.o
LOAD build/arm_mat_trans_f32.o
LOAD build/arm_mat_trans_q15.o
LOAD build/arm_mat_trans_q31.o
LOAD build/system_stm32h7xx.o
LOAD build/diskio.o
LOAD build/ff.o
LOAD build/ff_gen_drv.o
LOAD build/syscall.o
LOAD build/ccsbcs.o
LOAD build/sysmem.o
LOAD build/syscalls.o
LOAD build/startup_stm32h723xx.o
LOAD /usr/lib/gcc/arm-none-eabi/10.3.1/../../../arm-none-eabi/lib/thumb/v7e-m+dp/hard/libc_nano.a
LOAD /usr/lib/gcc/arm-none-eabi/10.3.1/../../../arm-none-eabi/lib/thumb/v7e-m+dp/hard/libm.a
LOAD /usr/lib/gcc/arm-none-eabi/10.3.1/../../../arm-none-eabi/lib/thumb/v7e-m+dp/hard/libnosys.a
START GROUP
LOAD /usr/lib/gcc/arm-none-eabi/10.3.1/thumb/v7e-m+dp/hard/libgcc.a
LOAD /usr/lib/gcc/arm-none-eabi/10.3.1/../../../arm-none-eabi/lib/thumb/v7e-m+dp/hard/libc_nano.a
END GROUP
START GROUP
LOAD /usr/lib/gcc/arm-none-eabi/10.3.1/thumb/v7e-m+dp/hard/libgcc.a
LOAD /usr/lib/gcc/arm-none-eabi/10.3.1/../../../arm-none-eabi/lib/thumb/v7e-m+dp/hard/libc_nano.a
END GROUP
LOAD /usr/lib/gcc/arm-none-eabi/10.3.1/thumb/v7e-m+dp/hard/crtend.o
LOAD /usr/lib/gcc/arm-none-eabi/10.3.1/thumb/v7e-m+dp/hard/crtn.o
                0x0000000020020000                _estack = (ORIGIN (DTCMRAM) + LENGTH (DTCMRAM))
                0x0000000000000200                _Min_Heap_Size = 0x200
                0x0000000000000400                _Min_Stack_Size = 0x400

.isr_vector     0x0000000008000000      0x2cc
                0x0000000008000000                . = ALIGN (0x4)
 *(.isr_vector)
 .isr_vector    0x0000000008000000      0x2cc build/startup_stm32h723xx.o
                0x0000000008000000                g_pfnVectors
                0x00000000080002cc                . = ALIGN (0x4)

.text           0x0000000008000300    0x12df0
                0x0000000008000300                . = ALIGN (0x4)
 *(.text)
 .text          0x0000000008000300       0x88 /usr/lib/gcc/arm-none-eabi/10.3.1/thumb/v7e-m+dp/hard/crtbegin.o
 .text          0x0000000008000388        0xc /usr/lib/gcc/arm-none-eabi/10.3.1/../../../arm-none-eabi/lib/thumb/v7e-m+dp/hard/libc_nano.a(lib_a-errno.o)
                0x0000000008000388                __errno
 .text          0x0000000008000394       0x48 /usr/lib/gcc/arm-none-eabi/10.3.1/../../../arm-none-eabi/lib/thumb/v7e-m+dp/hard/libc_nano.a(lib_a-init.o)
                0x0000000008000394                __libc_init_array
 .text          0x00000000080003dc      0x134 /usr/lib/gcc/arm-none-eabi/10.3.1/../../../arm-none-eabi/lib/thumb/v7e-m+dp/hard/libc_nano.a(lib_a-memcpy.o)
                0x00000000080003dc                memcpy
 .text          0x0000000008000510       0xa4 /usr/lib/gcc/arm-none-eabi/10.3.1/../../../arm-none-eabi/lib/thumb/v7e-m+dp/hard/libc_nano.a(lib_a-memset.o)
                0x0000000008000510                memset
 *fill*         0x00000000080005b4        0x4 
 .text          0x00000000080005b8      0x68c /usr/lib/gcc/arm-none-eabi/10.3.1/../../../arm-none-eabi/lib/thumb/v7e-m+dp/hard/libc_nano.a(lib_a-nano-vfprintf_float.o)
                0x00000000080005b8                __cvt
                0x00000000080006a4                __exponent
                0x0000000008000740                _printf_float
 .text          0x0000000008000c44      0x3dc /usr/lib/gcc/arm-none-eabi/10.3.1/../../../arm-none-eabi/lib/thumb/v7e-m+dp/hard/libc_nano.a(lib_a-nano-vfprintf_i.o)
                0x0000000008000c44                _printf_common
                0x0000000008000d70                _printf_i
 .text          0x0000000008001020       0x78 /usr/lib/gcc/arm-none-eabi/10.3.1/../../../arm-none-eabi/lib/thumb/v7e-m+dp/hard/libc_nano.a(lib_a-sprintf.o)
                0x0000000008001020                _siprintf_r
                0x0000000008001020                _sprintf_r
                0x0000000008001058                sprintf
                0x0000000008001058                siprintf
 *fill*         0x0000000008001098        0x8 
 .text          0x00000000080010a0      0x2dc /usr/lib/gcc/arm-none-eabi/10.3.1/../../../arm-none-eabi/lib/thumb/v7e-m+dp/hard/libc_nano.a(lib_a-strcmp.o)
                0x00000000080010a8                strcmp
 *fill*         0x000000000800137c        0x4 
 .text          0x0000000008001380       0xdc /usr/lib/gcc/arm-none-eabi/10.3.1/../../../arm-none-eabi/lib/thumb/v7e-m+dp/hard/libc_nano.a(lib_a-strlen.o)
                0x0000000008001380                strlen
 *fill*         0x000000000800145c        0x4 
 .text          0x0000000008001460      0xe48 /usr/lib/gcc/arm-none-eabi/10.3.1/../../../arm-none-eabi/lib/thumb/v7e-m+dp/hard/libc_nano.a(lib_a-dtoa.o)
                0x0000000008001588                _dtoa_r
 .text          0x00000000080022a8       0x14 /usr/lib/gcc/arm-none-eabi/10.3.1/../../../arm-none-eabi/lib/thumb/v7e-m+dp/hard/libc_nano.a(lib_a-localeconv.o)
                0x00000000080022a8                __localeconv_l
                0x00000000080022ac                _localeconv_r
                0x00000000080022b4                localeconv
 .text          0x00000000080022bc       0x20 /usr/lib/gcc/arm-none-eabi/10.3.1/../../../arm-none-eabi/lib/thumb/v7e-m+dp/hard/libc_nano.a(lib_a-malloc.o)
                0x00000000080022bc                malloc
                0x00000000080022cc                free
 *fill*         0x00000000080022dc        0x4 
 .text          0x00000000080022e0       0xa0 /usr/lib/gcc/arm-none-eabi/10.3.1/../../../arm-none-eabi/lib/thumb/v7e-m+dp/hard/libc_nano.a(lib_a-memchr.o)
                0x00000000080022e0                memchr
 .text          0x0000000008002380      0xadc /usr/lib/gcc/arm-none-eabi/10.3.1/../../../arm-none-eabi/lib/thumb/v7e-m+dp/hard/libc_nano.a(lib_a-mprec.o)
                0x0000000008002380                _Balloc
                0x0000000008002400                _Bfree
                0x0000000008002448                __multadd
                0x00000000080024ec                __s2b
                0x00000000080025a0                __hi0bits
                0x00000000080025e0                __lo0bits
                0x0000000008002640                __i2b
                0x000000000800266c                __multiply
                0x00000000080027c8                __pow5mult
                0x00000000080028a8                __lshift
                0x0000000008002990                __mcmp
                0x00000000080029d4                __mdiff
                0x0000000008002b20                __ulp
                0x0000000008002b80                __b2d
                0x0000000008002c40                __d2b
                0x0000000008002d10                __ratio
                0x0000000008002d74                _mprec_log10
                0x0000000008002d9c                __copybits
                0x0000000008002df8                __any_on
 .text          0x0000000008002e5c       0x1c /usr/lib/gcc/arm-none-eabi/10.3.1/../../../arm-none-eabi/lib/thumb/v7e-m+dp/hard/libc_nano.a(lib_a-nano-callocr.o)
                0x0000000008002e5c                _calloc_r
 .text          0x0000000008002e78       0xc4 /usr/lib/gcc/arm-none-eabi/10.3.1/../../../arm-none-eabi/lib/thumb/v7e-m+dp/hard/libc_nano.a(lib_a-nano-freer.o)
                0x0000000008002e78                _free_r
 .text          0x0000000008002f3c       0xb4 /usr/lib/gcc/arm-none-eabi/10.3.1/../../../arm-none-eabi/lib/thumb/v7e-m+dp/hard/libc_nano.a(lib_a-nano-mallocr.o)
                0x0000000008002f3c                _malloc_r
 .text          0x0000000008002ff0      0x3f0 /usr/lib/gcc/arm-none-eabi/10.3.1/../../../arm-none-eabi/lib/thumb/v7e-m+dp/hard/libc_nano.a(lib_a-nano-svfprintf.o)
                0x0000000008002ff0                __ssputs_r
                0x00000000080030b4                __ssprint_r
                0x00000000080031ac                _svfprintf_r
                0x00000000080031ac                _svfiprintf_r
 .text          0x00000000080033e0       0x24 /usr/lib/gcc/arm-none-eabi/10.3.1/../../../arm-none-eabi/lib/thumb/v7e-m+dp/hard/libc_nano.a(lib_a-sbrkr.o)
                0x00000000080033e0                _sbrk_r
 .text          0x0000000008003404       0x4c /usr/lib/gcc/arm-none-eabi/10.3.1/../../../arm-none-eabi/lib/thumb/v7e-m+dp/hard/libc_nano.a(lib_a-assert.o)
                0x0000000008003404                __assert_func
                0x0000000008003444                __assert
 .text          0x0000000008003450       0x44 /usr/lib/gcc/arm-none-eabi/10.3.1/../../../arm-none-eabi/lib/thumb/v7e-m+dp/hard/libc_nano.a(lib_a-fprintf.o)
                0x0000000008003450                _fprintf_r
                0x0000000008003450                _fiprintf_r
                0x000000000800346c                fprintf
                0x000000000800346c                fiprintf
 .text          0x0000000008003494       0x40 /usr/lib/gcc/arm-none-eabi/10.3.1/../../../arm-none-eabi/lib/thumb/v7e-m+dp/hard/libc_nano.a(lib_a-mbtowc_r.o)
                0x0000000008003494                _mbtowc_r
                0x00000000080034a8                __ascii_mbtowc
 .text          0x00000000080034d4       0xf8 /usr/lib/gcc/arm-none-eabi/10.3.1/../../../arm-none-eabi/lib/thumb/v7e-m+dp/hard/libc_nano.a(lib_a-memmove.o)
                0x00000000080034d4                memmove
 .text          0x00000000080035cc        0x8 /usr/lib/gcc/arm-none-eabi/10.3.1/../../../arm-none-eabi/lib/thumb/v7e-m+dp/hard/libc_nano.a(lib_a-mlock.o)
                0x00000000080035cc                __malloc_lock
                0x00000000080035d0                __malloc_unlock
 .text          0x00000000080035d4       0x50 /usr/lib/gcc/arm-none-eabi/10.3.1/../../../arm-none-eabi/lib/thumb/v7e-m+dp/hard/libc_nano.a(lib_a-nano-reallocr.o)
                0x00000000080035d4                _realloc_r
 .text          0x0000000008003624      0x328 /usr/lib/gcc/arm-none-eabi/10.3.1/../../../arm-none-eabi/lib/thumb/v7e-m+dp/hard/libc_nano.a(lib_a-nano-vfprintf.o)
                0x0000000008003660                __sfputs_r
                0x0000000008003690                __sprint_r
                0x00000000080036ac                _vfiprintf_r
                0x00000000080036ac                _vfprintf_r
                0x0000000008003930                vfiprintf
                0x0000000008003930                vfprintf
 .text          0x000000000800394c       0xc8 /usr/lib/gcc/arm-none-eabi/10.3.1/../../../arm-none-eabi/lib/thumb/v7e-m+dp/hard/libc_nano.a(lib_a-wbuf.o)
                0x000000000800394c                __swbuf_r
                0x00000000080039fc                __swbuf
 .text          0x0000000008003a14       0x30 /usr/lib/gcc/arm-none-eabi/10.3.1/../../../arm-none-eabi/lib/thumb/v7e-m+dp/hard/libc_nano.a(lib_a-wctomb_r.o)
                0x0000000008003a14                _wctomb_r
                0x0000000008003a28                __ascii_wctomb
 .text          0x0000000008003a44      0x104 /usr/lib/gcc/arm-none-eabi/10.3.1/../../../arm-none-eabi/lib/thumb/v7e-m+dp/hard/libc_nano.a(lib_a-wsetup.o)
                0x0000000008003a44                __swsetup_r
 .text          0x0000000008003b48       0x10 /usr/lib/gcc/arm-none-eabi/10.3.1/../../../arm-none-eabi/lib/thumb/v7e-m+dp/hard/libc_nano.a(lib_a-abort.o)
                0x0000000008003b48                abort
 .text          0x0000000008003b58      0x1e8 /usr/lib/gcc/arm-none-eabi/10.3.1/../../../arm-none-eabi/lib/thumb/v7e-m+dp/hard/libc_nano.a(lib_a-fflush.o)
                0x0000000008003b58                __sflush_r
                0x0000000008003c6c                _fflush_r
                0x0000000008003cc0                fflush
 .text          0x0000000008003d40      0x238 /usr/lib/gcc/arm-none-eabi/10.3.1/../../../arm-none-eabi/lib/thumb/v7e-m+dp/hard/libc_nano.a(lib_a-findfp.o)
                0x0000000008003d44                _cleanup_r
                0x0000000008003d54                __sfmoreglue
                0x0000000008003d84                __sfp
                0x0000000008003f24                _cleanup
                0x0000000008003f38                __sinit
                0x0000000008003f40                __sfp_lock_acquire
                0x0000000008003f44                __sfp_lock_release
                0x0000000008003f48                __sinit_lock_acquire
                0x0000000008003f4c                __sinit_lock_release
                0x0000000008003f50                __fp_lock_all
                0x0000000008003f64                __fp_unlock_all
 .text          0x0000000008003f78      0x2f0 /usr/lib/gcc/arm-none-eabi/10.3.1/../../../arm-none-eabi/lib/thumb/v7e-m+dp/hard/libc_nano.a(lib_a-fvwrite.o)
                0x0000000008003f78                __sfvwrite_r
 .text          0x0000000008004268       0x88 /usr/lib/gcc/arm-none-eabi/10.3.1/../../../arm-none-eabi/lib/thumb/v7e-m+dp/hard/libc_nano.a(lib_a-fwalk.o)
                0x0000000008004268                _fwalk
                0x00000000080042a8                _fwalk_reent
 .text          0x00000000080042f0      0x11c /usr/lib/gcc/arm-none-eabi/10.3.1/../../../arm-none-eabi/lib/thumb/v7e-m+dp/hard/libc_nano.a(lib_a-makebuf.o)
                0x00000000080042f0                __smakebuf_r
                0x00000000080043b0                __swhatbuf_r
 .text          0x000000000800440c       0x14 /usr/lib/gcc/arm-none-eabi/10.3.1/../../../arm-none-eabi/lib/thumb/v7e-m+dp/hard/libc_nano.a(lib_a-nano-msizer.o)
                0x000000000800440c                _malloc_usable_size_r
 .text          0x0000000008004420      0x268 /usr/lib/gcc/arm-none-eabi/10.3.1/../../../arm-none-eabi/lib/thumb/v7e-m+dp/hard/libc_nano.a(lib_a-signal.o)
                0x0000000008004420                _init_signal_r
                0x000000000800444c                _signal_r
                0x0000000008004494                _raise_r
                0x00000000080044e8                __sigtramp_r
                0x0000000008004548                raise
                0x00000000080045a0                signal
                0x00000000080045f0                _init_signal
                0x0000000008004624                __sigtramp
 .text          0x0000000008004688       0x30 /usr/lib/gcc/arm-none-eabi/10.3.1/../../../arm-none-eabi/lib/thumb/v7e-m+dp/hard/libc_nano.a(lib_a-signalr.o)
                0x0000000008004688                _kill_r
                0x00000000080046b4                _getpid_r
 .text          0x00000000080046b8       0x90 /usr/lib/gcc/arm-none-eabi/10.3.1/../../../arm-none-eabi/lib/thumb/v7e-m+dp/hard/libc_nano.a(lib_a-stdio.o)
                0x00000000080046b8                __sread
                0x00000000080046dc                __seofread
                0x00000000080046e0                __swrite
                0x0000000008004720                __sseek
                0x0000000008004740                __sclose
 .text          0x0000000008004748       0x2c /usr/lib/gcc/arm-none-eabi/10.3.1/../../../arm-none-eabi/lib/thumb/v7e-m+dp/hard/libc_nano.a(lib_a-writer.o)
                0x0000000008004748                _write_r
 .text          0x0000000008004774       0x24 /usr/lib/gcc/arm-none-eabi/10.3.1/../../../arm-none-eabi/lib/thumb/v7e-m+dp/hard/libc_nano.a(lib_a-closer.o)
                0x0000000008004774                _close_r
 .text          0x0000000008004798       0x2c /usr/lib/gcc/arm-none-eabi/10.3.1/../../../arm-none-eabi/lib/thumb/v7e-m+dp/hard/libc_nano.a(lib_a-fstatr.o)
                0x0000000008004798                _fstat_r
 .text          0x00000000080047c4       0x24 /usr/lib/gcc/arm-none-eabi/10.3.1/../../../arm-none-eabi/lib/thumb/v7e-m+dp/hard/libc_nano.a(lib_a-isattyr.o)
                0x00000000080047c4                _isatty_r
 .text          0x00000000080047e8       0x2c /usr/lib/gcc/arm-none-eabi/10.3.1/../../../arm-none-eabi/lib/thumb/v7e-m+dp/hard/libc_nano.a(lib_a-lseekr.o)
                0x00000000080047e8                _lseek_r
 .text          0x0000000008004814       0x2c /usr/lib/gcc/arm-none-eabi/10.3.1/../../../arm-none-eabi/lib/thumb/v7e-m+dp/hard/libc_nano.a(lib_a-readr.o)
                0x0000000008004814                _read_r
 .text          0x0000000008004840      0x1bc /usr/lib/gcc/arm-none-eabi/10.3.1/../../../arm-none-eabi/lib/thumb/v7e-m+dp/hard/libm.a(lib_a-cosf.o)
                0x0000000008004840                cosf
 .text          0x00000000080049fc       0x94 /usr/lib/gcc/arm-none-eabi/10.3.1/../../../arm-none-eabi/lib/thumb/v7e-m+dp/hard/libm.a(lib_a-math_errf.o)
                0x0000000008004a30                __math_uflowf
                0x0000000008004a3c                __math_may_uflowf
                0x0000000008004a48                __math_oflowf
                0x0000000008004a54                __math_divzerof
                0x0000000008004a74                __math_invalidf
 .text          0x0000000008004a90      0x594 /usr/lib/gcc/arm-none-eabi/10.3.1/../../../arm-none-eabi/lib/thumb/v7e-m+dp/hard/libm.a(lib_a-pow.o)
                0x0000000008004a90                pow
 *fill*         0x0000000008005024        0x4 
 .text          0x0000000008005028      0x20c /usr/lib/gcc/arm-none-eabi/10.3.1/../../../arm-none-eabi/lib/thumb/v7e-m+dp/hard/libm.a(lib_a-sinf.o)
                0x0000000008005028                sinf
 *fill*         0x0000000008005234        0x4 
 .text          0x0000000008005238       0x54 /usr/lib/gcc/arm-none-eabi/10.3.1/../../../arm-none-eabi/lib/thumb/v7e-m+dp/hard/libm.a(lib_a-w_sqrt.o)
                0x0000000008005238                sqrt
 .text          0x000000000800528c       0x68 /usr/lib/gcc/arm-none-eabi/10.3.1/../../../arm-none-eabi/lib/thumb/v7e-m+dp/hard/libm.a(lib_a-wf_asin.o)
                0x000000000800528c                asinf
 .text          0x00000000080052f4        0x4 /usr/lib/gcc/arm-none-eabi/10.3.1/../../../arm-none-eabi/lib/thumb/v7e-m+dp/hard/libm.a(lib_a-wf_atan2.o)
                0x00000000080052f4                atan2f
 .text          0x00000000080052f8        0x8 /usr/lib/gcc/arm-none-eabi/10.3.1/../../../arm-none-eabi/lib/thumb/v7e-m+dp/hard/libm.a(lib_a-e_sqrt.o)
                0x00000000080052f8                __ieee754_sqrt
 .text          0x0000000008005300      0x20c /usr/lib/gcc/arm-none-eabi/10.3.1/../../../arm-none-eabi/lib/thumb/v7e-m+dp/hard/libm.a(lib_a-ef_asin.o)
                0x0000000008005300                __ieee754_asinf
 .text          0x000000000800550c      0x148 /usr/lib/gcc/arm-none-eabi/10.3.1/../../../arm-none-eabi/lib/thumb/v7e-m+dp/hard/libm.a(lib_a-ef_atan2.o)
                0x000000000800550c                __ieee754_atan2f
 .text          0x0000000008005654        0x8 /usr/lib/gcc/arm-none-eabi/10.3.1/../../../arm-none-eabi/lib/thumb/v7e-m+dp/hard/libm.a(lib_a-ef_sqrt.o)
                0x0000000008005654                __ieee754_sqrtf
 *fill*         0x000000000800565c        0x4 
 .text          0x0000000008005660       0xe8 /usr/lib/gcc/arm-none-eabi/10.3.1/../../../arm-none-eabi/lib/thumb/v7e-m+dp/hard/libm.a(lib_a-math_err.o)
                0x0000000008005698                __math_uflow
                0x00000000080056a8                __math_may_uflow
                0x00000000080056b8                __math_oflow
                0x00000000080056c8                __math_divzero
                0x00000000080056f8                __math_invalid
                0x0000000008005714                __math_check_uflow
                0x0000000008005724                __math_check_oflow
 .text          0x0000000008005748      0x1a8 /usr/lib/gcc/arm-none-eabi/10.3.1/../../../arm-none-eabi/lib/thumb/v7e-m+dp/hard/libm.a(lib_a-sf_atan.o)
                0x0000000008005748                atanf
 .text          0x00000000080058f0       0x10 /usr/lib/gcc/arm-none-eabi/10.3.1/../../../arm-none-eabi/lib/thumb/v7e-m+dp/hard/libm.a(lib_a-sf_fabs.o)
                0x00000000080058f0                fabsf
 .text          0x0000000008005900        0xc /usr/lib/gcc/arm-none-eabi/10.3.1/../../../arm-none-eabi/lib/thumb/v7e-m+dp/hard/libm.a(lib_a-sf_nan.o)
                0x0000000008005900                nanf
 .text          0x000000000800590c      0x378 /usr/lib/gcc/arm-none-eabi/10.3.1/thumb/v7e-m+dp/hard/libgcc.a(_arm_addsubdf3.o)
                0x000000000800590c                __aeabi_drsub
                0x0000000008005914                __aeabi_dsub
                0x0000000008005914                __subdf3
                0x0000000008005918                __adddf3
                0x0000000008005918                __aeabi_dadd
                0x0000000008005b90                __aeabi_ui2d
                0x0000000008005b90                __floatunsidf
                0x0000000008005bb0                __floatsidf
                0x0000000008005bb0                __aeabi_i2d
                0x0000000008005bd4                __extendsfdf2
                0x0000000008005bd4                __aeabi_f2d
                0x0000000008005c18                __aeabi_ul2d
                0x0000000008005c18                __floatundidf
                0x0000000008005c28                __floatdidf
                0x0000000008005c28                __aeabi_l2d
 .text          0x0000000008005c84      0x21c /usr/lib/gcc/arm-none-eabi/10.3.1/thumb/v7e-m+dp/hard/libgcc.a(_arm_addsubsf3.o)
                0x0000000008005c84                __aeabi_frsub
                0x0000000008005c8c                __subsf3
                0x0000000008005c8c                __aeabi_fsub
                0x0000000008005c90                __aeabi_fadd
                0x0000000008005c90                __addsf3
                0x0000000008005df0                __aeabi_ui2f
                0x0000000008005df0                __floatunsisf
                0x0000000008005df8                __aeabi_i2f
                0x0000000008005df8                __floatsisf
                0x0000000008005e14                __floatundisf
                0x0000000008005e14                __aeabi_ul2f
                0x0000000008005e24                __floatdisf
                0x0000000008005e24                __aeabi_l2f
 .text          0x0000000008005ea0       0xa0 /usr/lib/gcc/arm-none-eabi/10.3.1/thumb/v7e-m+dp/hard/libgcc.a(_aeabi_ldivmod.o)
                0x0000000008005ea0                __aeabi_ldivmod
 .text          0x0000000008005f40       0x30 /usr/lib/gcc/arm-none-eabi/10.3.1/thumb/v7e-m+dp/hard/libgcc.a(_aeabi_uldivmod.o)
                0x0000000008005f40                __aeabi_uldivmod
 .text          0x0000000008005f70      0x2d0 /usr/lib/gcc/arm-none-eabi/10.3.1/thumb/v7e-m+dp/hard/libgcc.a(_udivmoddi4.o)
                0x0000000008005f70                __udivmoddi4
 .text          0x0000000008006240        0x4 /usr/lib/gcc/arm-none-eabi/10.3.1/thumb/v7e-m+dp/hard/libgcc.a(_dvmd_tls.o)
                0x0000000008006240                __aeabi_ldiv0
                0x0000000008006240                __aeabi_idiv0
 *(.text*)
 .text.main     0x0000000008006244       0x30 build/main.o
                0x0000000008006244                main
 .text.sendS    0x0000000008006274       0xe0 build/DefFuncs.o
                0x0000000008006274                sendS
 .text.receiveS_B
                0x0000000008006354       0x18 build/DefFuncs.o
                0x0000000008006354                receiveS_B
 .text.receiveS_IT
                0x000000000800636c       0x14 build/DefFuncs.o
                0x000000000800636c                receiveS_IT
 .text.newL     0x0000000008006380       0x14 build/DefFuncs.o
                0x0000000008006380                newL
 .text.APRS_Transmit
                0x0000000008006394       0x28 build/DefFuncs.o
                0x0000000008006394                APRS_Transmit
 .text.XBee_Transmit
                0x00000000080063bc       0x20 build/DefFuncs.o
                0x00000000080063bc                XBee_Transmit
 .text.MPU_Config
                0x00000000080063dc       0x52 build/init.o
 *fill*         0x000000000800642e        0x2 
 .text.MX_GPIO_Init
                0x0000000008006430      0x11c build/init.o
 .text.MX_DMA_Init
                0x000000000800654c       0xa8 build/init.o
 .text.Error_Handler
                0x00000000080065f4        0x4 build/init.o
                0x00000000080065f4                Error_Handler
 .text.MX_I2C1_Init
                0x00000000080065f8       0x54 build/init.o
 .text.MX_OCTOSPI1_Init
                0x000000000800664c       0x70 build/init.o
 .text.MX_SPI1_Init
                0x00000000080066bc       0x5c build/init.o
 .text.MX_SPI2_Init
                0x0000000008006718       0x5c build/init.o
 .text.MX_TIM2_Init
                0x0000000008006774       0x68 build/init.o
 .text.MX_TIM3_Init
                0x00000000080067dc       0x6c build/init.o
 .text.MX_TIM4_Init
                0x0000000008006848       0x6c build/init.o
 .text.MX_USART3_UART_Init
                0x00000000080068b4       0x60 build/init.o
 .text.MX_SPI3_Init
                0x0000000008006914       0x5c build/init.o
 .text.MX_ADC2_Init
                0x0000000008006970       0x84 build/init.o
 .text.MX_ADC3_Init
                0x00000000080069f4       0x88 build/init.o
 .text.MX_UART4_Init
                0x0000000008006a7c       0x60 build/init.o
 .text.MX_USART1_UART_Init
                0x0000000008006adc       0x60 build/init.o
 .text.SystemClock_Config
                0x0000000008006b3c       0xa8 build/init.o
                0x0000000008006b3c                SystemClock_Config
 .text.PeriphCommonClock_Config
                0x0000000008006be4       0x3e build/init.o
                0x0000000008006be4                PeriphCommonClock_Config
 .text.init     0x0000000008006c22       0x54 build/init.o
                0x0000000008006c22                init
 *fill*         0x0000000008006c76        0x2 
 .text.HAL_SPI_TxRxCpltCallback
                0x0000000008006c78       0xe4 build/Sensors.o
                0x0000000008006c78                HAL_SPI_TxRxCpltCallback
 .text.init_measurements
                0x0000000008006d5c      0x19c build/Sensors.o
                0x0000000008006d5c                init_measurements
 .text.make_measurements
                0x0000000008006ef8      0x298 build/Sensors.o
                0x0000000008006ef8                make_measurements
 .text.ring_init
                0x0000000008007190       0x44 build/RingBuf.o
                0x0000000008007190                ring_init
 .text.ring_DataFullSize
                0x00000000080071d4       0x32 build/RingBuf.o
                0x00000000080071d4                ring_DataFullSize
 .text.ring_DataEmptySize
                0x0000000008007206        0xe build/RingBuf.o
                0x0000000008007206                ring_DataEmptySize
 .text.ring_WriteData
                0x0000000008007214       0x92 build/RingBuf.o
                0x0000000008007214                ring_WriteData
 *fill*         0x00000000080072a6        0x2 
 .text.ring_ReadSensorData
                0x00000000080072a8       0x74 build/RingBuf.o
                0x00000000080072a8                ring_ReadSensorData
 .text.bmp280_init
                0x000000000800731c      0x228 build/bmp_280.o
                0x000000000800731c                bmp280_init
 *fill*         0x0000000008007544        0x4 
 .text.bmp280_PresTempRead
                0x0000000008007548      0x254 build/bmp_280.o
                0x0000000008007548                bmp280_PresTempRead
 .text.user_bank
                0x000000000800779c       0x78 build/icm_20649.o
                0x000000000800779c                user_bank
 .text.icm20649_init
                0x0000000008007814      0x4f8 build/icm_20649.o
                0x0000000008007814                icm20649_init
 .text.icm20649_DataRead
                0x0000000008007d0c       0xc4 build/icm_20649.o
                0x0000000008007d0c                icm20649_DataRead
 .text.BASE_Handle
                0x0000000008007dd0       0x10 build/StateMachine.o
                0x0000000008007dd0                BASE_Handle
 .text.GROUND_Handle
                0x0000000008007de0       0x1c build/StateMachine.o
                0x0000000008007de0                GROUND_Handle
 .text.ARMED_Handle
                0x0000000008007dfc       0x1c build/StateMachine.o
                0x0000000008007dfc                ARMED_Handle
 .text.FASTASCENT_Handle
                0x0000000008007e18       0x1c build/StateMachine.o
                0x0000000008007e18                FASTASCENT_Handle
 .text.SLOWASCENT_Handle
                0x0000000008007e34       0x1c build/StateMachine.o
                0x0000000008007e34                SLOWASCENT_Handle
 .text.APOGEE_Handle
                0x0000000008007e50       0x1c build/StateMachine.o
                0x0000000008007e50                APOGEE_Handle
 .text.FREEFALL_Handle
                0x0000000008007e6c       0x1c build/StateMachine.o
                0x0000000008007e6c                FREEFALL_Handle
 .text.LANDED_Handle
                0x0000000008007e88       0x1c build/StateMachine.o
                0x0000000008007e88                LANDED_Handle
 .text.statemachine_init
                0x0000000008007ea4      0x100 build/StateMachine.o
                0x0000000008007ea4                statemachine_init
 .text.statemachine_run
                0x0000000008007fa4       0x50 build/StateMachine.o
                0x0000000008007fa4                statemachine_run
 .text.Attitude_init
                0x0000000008007ff4       0x20 build/AttitudeEstimation.o
                0x0000000008007ff4                Attitude_init
 .text.Attitude_newMeas
                0x0000000008008014       0x4c build/AttitudeEstimation.o
                0x0000000008008014                Attitude_newMeas
 .text.Attitude_PredictQuat
                0x0000000008008060      0x200 build/AttitudeEstimation.o
                0x0000000008008060                Attitude_PredictQuat
 .text.Attitude_QuatToEuler
                0x0000000008008260       0xd4 build/AttitudeEstimation.o
                0x0000000008008260                Attitude_QuatToEuler
 .text.Attitude_run
                0x0000000008008334       0x10 build/AttitudeEstimation.o
                0x0000000008008334                Attitude_run
 .text.FlightEKF_init
                0x0000000008008344      0x2a0 build/FEKF.o
                0x0000000008008344                FlightEKF_init
 .text.FlightEKF_newMeas
                0x00000000080085e4       0xaa build/FEKF.o
                0x00000000080085e4                FlightEKF_newMeas
 *fill*         0x000000000800868e        0x2 
 .text.FlightEKF_CoriolisFree
                0x0000000008008690      0x274 build/FEKF.o
                0x0000000008008690                FlightEKF_CoriolisFree
 .text.FlightEKF_TransitionFunction
                0x0000000008008904      0x182 build/FEKF.o
                0x0000000008008904                FlightEKF_TransitionFunction
 .text.FlightEKF_ObsMatrices
                0x0000000008008a86       0xac build/FEKF.o
                0x0000000008008a86                FlightEKF_ObsMatrices
 .text.FlightEKF_KalmanGain
                0x0000000008008b32       0xb6 build/FEKF.o
                0x0000000008008b32                FlightEKF_KalmanGain
 .text.FlightEKF_UpdateCovarianceUpd
                0x0000000008008be8       0x7c build/FEKF.o
                0x0000000008008be8                FlightEKF_UpdateCovarianceUpd
 .text.FlightEKF_updateStates
                0x0000000008008c64       0x6c build/FEKF.o
                0x0000000008008c64                FlightEKF_updateStates
 .text.FlightEKF_PredictStep
                0x0000000008008cd0       0x10 build/FEKF.o
                0x0000000008008cd0                FlightEKF_PredictStep
 .text.FlightEKF_UpdateStep
                0x0000000008008ce0       0x1c build/FEKF.o
                0x0000000008008ce0                FlightEKF_UpdateStep
 .text.FlightEKF_run
                0x0000000008008cfc       0xc8 build/FEKF.o
                0x0000000008008cfc                FlightEKF_run
 .text.GroundEKF_init
                0x0000000008008dc4      0x178 build/GEKF.o
                0x0000000008008dc4                GroundEKF_init
 .text.GroundEKF_PredictStep
                0x0000000008008f3c       0x2a build/GEKF.o
                0x0000000008008f3c                GroundEKF_PredictStep
 .text.GroundEKF_KalmanGain
                0x0000000008008f66       0x60 build/GEKF.o
                0x0000000008008f66                GroundEKF_KalmanGain
 .text.GroundEKF_UpdateCovariance
                0x0000000008008fc6       0x60 build/GEKF.o
                0x0000000008008fc6                GroundEKF_UpdateCovariance
 .text.GroundEKF_UpdateStep
                0x0000000008009026       0xa4 build/GEKF.o
                0x0000000008009026                GroundEKF_UpdateStep
 *fill*         0x00000000080090ca        0x2 
 .text.GroundEKF_Converged
                0x00000000080090cc       0x90 build/GEKF.o
                0x00000000080090cc                GroundEKF_Converged
 .text.GroundEKF_newMeas
                0x000000000800915c       0x36 build/GEKF.o
                0x000000000800915c                GroundEKF_newMeas
 *fill*         0x0000000008009192        0x2 
 .text.GroundEKF_run
                0x0000000008009194       0x30 build/GEKF.o
                0x0000000008009194                GroundEKF_run
 .text.BaseState
                0x00000000080091c4       0x64 build/States.o
                0x00000000080091c4                BaseState
 .text.GroundState
                0x0000000008009228       0x68 build/States.o
                0x0000000008009228                GroundState
 .text.ArmedState
                0x0000000008009290       0x80 build/States.o
                0x0000000008009290                ArmedState
 .text.FastAscentState
                0x0000000008009310       0x74 build/States.o
                0x0000000008009310                FastAscentState
 .text.SlowAscentState
                0x0000000008009384       0x84 build/States.o
                0x0000000008009384                SlowAscentState
 .text.ApogeeState
                0x0000000008009408       0x74 build/States.o
                0x0000000008009408                ApogeeState
 .text.FreefallState
                0x000000000800947c       0x90 build/States.o
                0x000000000800947c                FreefallState
 .text.LandedState
                0x000000000800950c       0x9c build/States.o
                0x000000000800950c                LandedState
 .text.HAL_UART_RxCpltCallback
                0x00000000080095a8       0x58 build/States.o
                0x00000000080095a8                HAL_UART_RxCpltCallback
 .text.delay_us
                0x0000000008009600       0x14 build/Time.o
                0x0000000008009600                delay_us
 .text.HAL_TIM_PeriodElapsedCallback
                0x0000000008009614       0xb0 build/Time.o
                0x0000000008009614                HAL_TIM_PeriodElapsedCallback
 .text.NMI_Handler
                0x00000000080096c4        0x2 build/stm32h7xx_it.o
                0x00000000080096c4                NMI_Handler
 .text.HardFault_Handler
                0x00000000080096c6        0x2 build/stm32h7xx_it.o
                0x00000000080096c6                HardFault_Handler
 .text.MemManage_Handler
                0x00000000080096c8        0x2 build/stm32h7xx_it.o
                0x00000000080096c8                MemManage_Handler
 .text.BusFault_Handler
                0x00000000080096ca        0x2 build/stm32h7xx_it.o
                0x00000000080096ca                BusFault_Handler
 .text.UsageFault_Handler
                0x00000000080096cc        0x2 build/stm32h7xx_it.o
                0x00000000080096cc                UsageFault_Handler
 .text.SVC_Handler
                0x00000000080096ce        0x2 build/stm32h7xx_it.o
                0x00000000080096ce                SVC_Handler
 .text.DebugMon_Handler
                0x00000000080096d0        0x2 build/stm32h7xx_it.o
                0x00000000080096d0                DebugMon_Handler
 .text.PendSV_Handler
                0x00000000080096d2        0x2 build/stm32h7xx_it.o
                0x00000000080096d2                PendSV_Handler
 .text.SysTick_Handler
                0x00000000080096d4        0x8 build/stm32h7xx_it.o
                0x00000000080096d4                SysTick_Handler
 .text.DMA1_Stream0_IRQHandler
                0x00000000080096dc       0x10 build/stm32h7xx_it.o
                0x00000000080096dc                DMA1_Stream0_IRQHandler
 .text.DMA1_Stream1_IRQHandler
                0x00000000080096ec       0x10 build/stm32h7xx_it.o
                0x00000000080096ec                DMA1_Stream1_IRQHandler
 .text.DMA1_Stream2_IRQHandler
                0x00000000080096fc       0x10 build/stm32h7xx_it.o
                0x00000000080096fc                DMA1_Stream2_IRQHandler
 .text.DMA1_Stream3_IRQHandler
                0x000000000800970c       0x10 build/stm32h7xx_it.o
                0x000000000800970c                DMA1_Stream3_IRQHandler
 .text.DMA1_Stream4_IRQHandler
                0x000000000800971c       0x10 build/stm32h7xx_it.o
                0x000000000800971c                DMA1_Stream4_IRQHandler
 .text.DMA1_Stream5_IRQHandler
                0x000000000800972c       0x10 build/stm32h7xx_it.o
                0x000000000800972c                DMA1_Stream5_IRQHandler
 .text.DMA1_Stream6_IRQHandler
                0x000000000800973c       0x10 build/stm32h7xx_it.o
                0x000000000800973c                DMA1_Stream6_IRQHandler
 .text.TIM3_IRQHandler
                0x000000000800974c       0x10 build/stm32h7xx_it.o
                0x000000000800974c                TIM3_IRQHandler
 .text.TIM4_IRQHandler
                0x000000000800975c       0x10 build/stm32h7xx_it.o
                0x000000000800975c                TIM4_IRQHandler
 .text.SPI1_IRQHandler
                0x000000000800976c       0x10 build/stm32h7xx_it.o
                0x000000000800976c                SPI1_IRQHandler
 .text.USART1_IRQHandler
                0x000000000800977c       0x10 build/stm32h7xx_it.o
                0x000000000800977c                USART1_IRQHandler
 .text.USART3_IRQHandler
                0x000000000800978c       0x10 build/stm32h7xx_it.o
                0x000000000800978c                USART3_IRQHandler
 .text.DMA1_Stream7_IRQHandler
                0x000000000800979c       0x10 build/stm32h7xx_it.o
                0x000000000800979c                DMA1_Stream7_IRQHandler
 .text.SPI3_IRQHandler
                0x00000000080097ac       0x10 build/stm32h7xx_it.o
                0x00000000080097ac                SPI3_IRQHandler
 .text.HAL_MspInit
                0x00000000080097bc       0x24 build/stm32h7xx_hal_msp.o
                0x00000000080097bc                HAL_MspInit
 .text.HAL_ADC_MspInit
                0x00000000080097e0       0xb8 build/stm32h7xx_hal_msp.o
                0x00000000080097e0                HAL_ADC_MspInit
 .text.HAL_I2C_MspInit
                0x0000000008009898      0x10c build/stm32h7xx_hal_msp.o
                0x0000000008009898                HAL_I2C_MspInit
 .text.HAL_OSPI_MspInit
                0x00000000080099a4      0x11c build/stm32h7xx_hal_msp.o
                0x00000000080099a4                HAL_OSPI_MspInit
 .text.HAL_SPI_MspInit
                0x0000000008009ac0      0x2a0 build/stm32h7xx_hal_msp.o
                0x0000000008009ac0                HAL_SPI_MspInit
 .text.HAL_TIM_Base_MspInit
                0x0000000008009d60       0xa0 build/stm32h7xx_hal_msp.o
                0x0000000008009d60                HAL_TIM_Base_MspInit
 .text.HAL_UART_MspInit
                0x0000000008009e00      0x220 build/stm32h7xx_hal_msp.o
                0x0000000008009e00                HAL_UART_MspInit
 .text.USER_initialize
                0x000000000800a020       0x10 build/user_diskio.o
                0x000000000800a020                USER_initialize
 .text.USER_status
                0x000000000800a030       0x10 build/user_diskio.o
                0x000000000800a030                USER_status
 .text.USER_read
                0x000000000800a040        0x4 build/user_diskio.o
                0x000000000800a040                USER_read
 .text.USER_write
                0x000000000800a044        0x4 build/user_diskio.o
                0x000000000800a044                USER_write
 .text.USER_ioctl
                0x000000000800a048        0x4 build/user_diskio.o
                0x000000000800a048                USER_ioctl
 .text.MX_FATFS_Init
                0x000000000800a04c       0x1c build/fatfs.o
                0x000000000800a04c                MX_FATFS_Init
 .text.HAL_ADC_ConfigChannel
                0x000000000800a068      0x74c build/stm32h7xx_hal_adc.o
                0x000000000800a068                HAL_ADC_ConfigChannel
 .text.ADC_ConfigureBoostMode
                0x000000000800a7b4      0x134 build/stm32h7xx_hal_adc.o
                0x000000000800a7b4                ADC_ConfigureBoostMode
 .text.HAL_ADC_Init
                0x000000000800a8e8      0x2e0 build/stm32h7xx_hal_adc.o
                0x000000000800a8e8                HAL_ADC_Init
 .text.HAL_RCC_OscConfig
                0x000000000800abc8      0x5ec build/stm32h7xx_hal_rcc.o
                0x000000000800abc8                HAL_RCC_OscConfig
 .text.HAL_RCC_GetSysClockFreq
                0x000000000800b1b4      0x1f4 build/stm32h7xx_hal_rcc.o
                0x000000000800b1b4                HAL_RCC_GetSysClockFreq
 .text.HAL_RCC_ClockConfig
                0x000000000800b3a8      0x294 build/stm32h7xx_hal_rcc.o
                0x000000000800b3a8                HAL_RCC_ClockConfig
 .text.HAL_RCC_GetHCLKFreq
                0x000000000800b63c       0x44 build/stm32h7xx_hal_rcc.o
                0x000000000800b63c                HAL_RCC_GetHCLKFreq
 .text.HAL_RCC_GetPCLK1Freq
                0x000000000800b680       0x24 build/stm32h7xx_hal_rcc.o
                0x000000000800b680                HAL_RCC_GetPCLK1Freq
 .text.HAL_RCC_GetPCLK2Freq
                0x000000000800b6a4       0x24 build/stm32h7xx_hal_rcc.o
                0x000000000800b6a4                HAL_RCC_GetPCLK2Freq
 .text.RCCEx_PLL2_Config
                0x000000000800b6c8      0x10c build/stm32h7xx_hal_rcc_ex.o
 .text.RCCEx_PLL3_Config
                0x000000000800b7d4      0x10c build/stm32h7xx_hal_rcc_ex.o
 .text.HAL_RCCEx_PeriphCLKConfig
                0x000000000800b8e0      0xa0c build/stm32h7xx_hal_rcc_ex.o
                0x000000000800b8e0                HAL_RCCEx_PeriphCLKConfig
 .text.HAL_RCCEx_GetD3PCLK1Freq
                0x000000000800c2ec       0x24 build/stm32h7xx_hal_rcc_ex.o
                0x000000000800c2ec                HAL_RCCEx_GetD3PCLK1Freq
 .text.HAL_RCCEx_GetPLL2ClockFreq
                0x000000000800c310      0x1f8 build/stm32h7xx_hal_rcc_ex.o
                0x000000000800c310                HAL_RCCEx_GetPLL2ClockFreq
 .text.HAL_RCCEx_GetPLL3ClockFreq
                0x000000000800c508      0x1f8 build/stm32h7xx_hal_rcc_ex.o
                0x000000000800c508                HAL_RCCEx_GetPLL3ClockFreq
 .text.HAL_RCCEx_GetPLL1ClockFreq
                0x000000000800c700      0x1f8 build/stm32h7xx_hal_rcc_ex.o
                0x000000000800c700                HAL_RCCEx_GetPLL1ClockFreq
 .text.HAL_RCCEx_GetPeriphCLKFreq
                0x000000000800c8f8      0x600 build/stm32h7xx_hal_rcc_ex.o
                0x000000000800c8f8                HAL_RCCEx_GetPeriphCLKFreq
 .text.HAL_GPIO_Init
                0x000000000800cef8      0x214 build/stm32h7xx_hal_gpio.o
                0x000000000800cef8                HAL_GPIO_Init
 .text.HAL_GPIO_WritePin
                0x000000000800d10c        0xc build/stm32h7xx_hal_gpio.o
                0x000000000800d10c                HAL_GPIO_WritePin
 .text.DMA_SetConfig
                0x000000000800d118      0x1b4 build/stm32h7xx_hal_dma.o
 .text.DMA_CalcBaseAndBitshift
                0x000000000800d2cc       0xb4 build/stm32h7xx_hal_dma.o
 .text.DMA_CheckFifoParam
                0x000000000800d380       0x92 build/stm32h7xx_hal_dma.o
 *fill*         0x000000000800d412        0x2 
 .text.DMA_CalcDMAMUXChannelBaseAndMask
                0x000000000800d414       0xb0 build/stm32h7xx_hal_dma.o
 .text.DMA_CalcDMAMUXRequestGenBaseAndMask
                0x000000000800d4c4       0x7c build/stm32h7xx_hal_dma.o
 .text.HAL_DMA_Init
                0x000000000800d540      0x394 build/stm32h7xx_hal_dma.o
                0x000000000800d540                HAL_DMA_Init
 .text.HAL_DMA_Start_IT
                0x000000000800d8d4      0x298 build/stm32h7xx_hal_dma.o
                0x000000000800d8d4                HAL_DMA_Start_IT
 .text.HAL_DMA_Abort
                0x000000000800db6c      0x340 build/stm32h7xx_hal_dma.o
                0x000000000800db6c                HAL_DMA_Abort
 .text.HAL_DMA_Abort_IT
                0x000000000800deac      0x270 build/stm32h7xx_hal_dma.o
                0x000000000800deac                HAL_DMA_Abort_IT
 .text.HAL_DMA_IRQHandler
                0x000000000800e11c      0x738 build/stm32h7xx_hal_dma.o
                0x000000000800e11c                HAL_DMA_IRQHandler
 .text.HAL_DMA_GetError
                0x000000000800e854        0x4 build/stm32h7xx_hal_dma.o
                0x000000000800e854                HAL_DMA_GetError
 .text.HAL_PWREx_ConfigSupply
                0x000000000800e858       0x54 build/stm32h7xx_hal_pwr_ex.o
                0x000000000800e858                HAL_PWREx_ConfigSupply
 .text.HAL_NVIC_SetPriorityGrouping
                0x000000000800e8ac       0x24 build/stm32h7xx_hal_cortex.o
                0x000000000800e8ac                HAL_NVIC_SetPriorityGrouping
 .text.HAL_NVIC_SetPriority
                0x000000000800e8d0       0x6c build/stm32h7xx_hal_cortex.o
                0x000000000800e8d0                HAL_NVIC_SetPriority
 .text.HAL_NVIC_EnableIRQ
                0x000000000800e93c       0x1c build/stm32h7xx_hal_cortex.o
                0x000000000800e93c                HAL_NVIC_EnableIRQ
 .text.HAL_SYSTICK_Config
                0x000000000800e958       0x28 build/stm32h7xx_hal_cortex.o
                0x000000000800e958                HAL_SYSTICK_Config
 .text.HAL_MPU_Disable
                0x000000000800e980       0x1c build/stm32h7xx_hal_cortex.o
                0x000000000800e980                HAL_MPU_Disable
 .text.HAL_MPU_Enable
                0x000000000800e99c       0x20 build/stm32h7xx_hal_cortex.o
                0x000000000800e99c                HAL_MPU_Enable
 .text.HAL_MPU_ConfigRegion
                0x000000000800e9bc       0x58 build/stm32h7xx_hal_cortex.o
                0x000000000800e9bc                HAL_MPU_ConfigRegion
 .text.HAL_InitTick
                0x000000000800ea14       0x50 build/stm32h7xx_hal.o
                0x000000000800ea14                HAL_InitTick
 .text.HAL_Init
                0x000000000800ea64       0x5c build/stm32h7xx_hal.o
                0x000000000800ea64                HAL_Init
 .text.HAL_IncTick
                0x000000000800eac0       0x18 build/stm32h7xx_hal.o
                0x000000000800eac0                HAL_IncTick
 .text.HAL_GetTick
                0x000000000800ead8        0xc build/stm32h7xx_hal.o
                0x000000000800ead8                HAL_GetTick
 .text.HAL_Delay
                0x000000000800eae4       0x28 build/stm32h7xx_hal.o
                0x000000000800eae4                HAL_Delay
 .text.HAL_SYSCFG_AnalogSwitchConfig
                0x000000000800eb0c       0x14 build/stm32h7xx_hal.o
                0x000000000800eb0c                HAL_SYSCFG_AnalogSwitchConfig
 .text.I2C_Flush_TXDR
                0x000000000800eb20       0x22 build/stm32h7xx_hal_i2c.o
 .text.I2C_TransferConfig
                0x000000000800eb42       0x3c build/stm32h7xx_hal_i2c.o
 .text.I2C_IsErrorOccurred
                0x000000000800eb7e      0x118 build/stm32h7xx_hal_i2c.o
 .text.I2C_WaitOnTXISFlagUntilTimeout
                0x000000000800ec96       0x60 build/stm32h7xx_hal_i2c.o
 .text.I2C_WaitOnFlagUntilTimeout
                0x000000000800ecf6       0x7c build/stm32h7xx_hal_i2c.o
 .text.I2C_WaitOnSTOPFlagUntilTimeout
                0x000000000800ed72       0x5e build/stm32h7xx_hal_i2c.o
 .text.HAL_I2C_Init
                0x000000000800edd0       0xc8 build/stm32h7xx_hal_i2c.o
                0x000000000800edd0                HAL_I2C_Init
 .text.HAL_I2C_Master_Transmit
                0x000000000800ee98      0x1a4 build/stm32h7xx_hal_i2c.o
                0x000000000800ee98                HAL_I2C_Master_Transmit
 .text.HAL_I2CEx_ConfigAnalogFilter
                0x000000000800f03c       0x5c build/stm32h7xx_hal_i2c_ex.o
                0x000000000800f03c                HAL_I2CEx_ConfigAnalogFilter
 .text.HAL_I2CEx_ConfigDigitalFilter
                0x000000000800f098       0x58 build/stm32h7xx_hal_i2c_ex.o
                0x000000000800f098                HAL_I2CEx_ConfigDigitalFilter
 .text.OSPIM_GetConfig
                0x000000000800f0f0       0xec build/stm32h7xx_hal_ospi.o
 .text.OSPI_WaitFlagStateUntilTimeout
                0x000000000800f1dc       0x54 build/stm32h7xx_hal_ospi.o
 .text.HAL_OSPI_SetTimeout
                0x000000000800f230        0x6 build/stm32h7xx_hal_ospi.o
                0x000000000800f230                HAL_OSPI_SetTimeout
 *fill*         0x000000000800f236        0x2 
 .text.HAL_OSPI_Init
                0x000000000800f238      0x108 build/stm32h7xx_hal_ospi.o
                0x000000000800f238                HAL_OSPI_Init
 .text.HAL_OSPIM_Config
                0x000000000800f340      0x514 build/stm32h7xx_hal_ospi.o
                0x000000000800f340                HAL_OSPIM_Config
 .text.SPI_CloseTransfer
                0x000000000800f854       0xd0 build/stm32h7xx_hal_spi.o
 .text.SPI_GetPacketSize
                0x000000000800f924       0x10 build/stm32h7xx_hal_spi.o
 .text.SPI_WaitOnFlagUntilTimeout
                0x000000000800f934       0x46 build/stm32h7xx_hal_spi.o
 *fill*         0x000000000800f97a        0x2 
 .text.HAL_SPI_Init
                0x000000000800f97c      0x190 build/stm32h7xx_hal_spi.o
                0x000000000800f97c                HAL_SPI_Init
 .text.HAL_SPI_Transmit
                0x000000000800fb0c      0x2c4 build/stm32h7xx_hal_spi.o
                0x000000000800fb0c                HAL_SPI_Transmit
 .text.HAL_SPI_TransmitReceive
                0x000000000800fdd0      0x494 build/stm32h7xx_hal_spi.o
                0x000000000800fdd0                HAL_SPI_TransmitReceive
 .text.HAL_SPI_TransmitReceive_DMA
                0x0000000008010264      0x264 build/stm32h7xx_hal_spi.o
                0x0000000008010264                HAL_SPI_TransmitReceive_DMA
 .text.HAL_SPI_DMAStop
                0x00000000080104c8       0x10 build/stm32h7xx_hal_spi.o
                0x00000000080104c8                HAL_SPI_DMAStop
 .text.HAL_SPI_TxCpltCallback
                0x00000000080104d8        0x2 build/stm32h7xx_hal_spi.o
                0x00000000080104d8                HAL_SPI_TxCpltCallback
 .text.HAL_SPI_RxCpltCallback
                0x00000000080104da        0x2 build/stm32h7xx_hal_spi.o
                0x00000000080104da                HAL_SPI_RxCpltCallback
 .text.SPI_DMATransmitReceiveCplt
                0x00000000080104dc       0x2a build/stm32h7xx_hal_spi.o
 .text.HAL_SPI_TxRxHalfCpltCallback
                0x0000000008010506        0x2 build/stm32h7xx_hal_spi.o
                0x0000000008010506                HAL_SPI_TxRxHalfCpltCallback
 .text.SPI_DMAHalfTransmitReceiveCplt
                0x0000000008010508        0xa build/stm32h7xx_hal_spi.o
 .text.HAL_SPI_ErrorCallback
                0x0000000008010512        0x2 build/stm32h7xx_hal_spi.o
                0x0000000008010512                HAL_SPI_ErrorCallback
 .text.SPI_DMAError
                0x0000000008010514       0x2e build/stm32h7xx_hal_spi.o
 .text.SPI_DMAAbortOnError
                0x0000000008010542       0x1a build/stm32h7xx_hal_spi.o
 .text.HAL_SPI_SuspendCallback
                0x000000000801055c        0x2 build/stm32h7xx_hal_spi.o
                0x000000000801055c                HAL_SPI_SuspendCallback
 *fill*         0x000000000801055e        0x2 
 .text.HAL_SPI_IRQHandler
                0x0000000008010560      0x240 build/stm32h7xx_hal_spi.o
                0x0000000008010560                HAL_SPI_IRQHandler
 .text.TIM_TI1_ConfigInputStage
                0x00000000080107a0       0x26 build/stm32h7xx_hal_tim.o
 .text.TIM_TI2_ConfigInputStage
                0x00000000080107c6       0x28 build/stm32h7xx_hal_tim.o
 *fill*         0x00000000080107ee        0x2 
 .text.TIM_ITRx_SetConfig
                0x00000000080107f0       0x14 build/stm32h7xx_hal_tim.o
 .text.HAL_TIM_Base_Start
                0x0000000008010804       0x98 build/stm32h7xx_hal_tim.o
                0x0000000008010804                HAL_TIM_Base_Start
 .text.HAL_TIM_Base_Start_IT
                0x000000000801089c       0xa0 build/stm32h7xx_hal_tim.o
                0x000000000801089c                HAL_TIM_Base_Start_IT
 .text.HAL_TIM_OC_DelayElapsedCallback
                0x000000000801093c        0x2 build/stm32h7xx_hal_tim.o
                0x000000000801093c                HAL_TIM_OC_DelayElapsedCallback
 .text.HAL_TIM_IC_CaptureCallback
                0x000000000801093e        0x2 build/stm32h7xx_hal_tim.o
                0x000000000801093e                HAL_TIM_IC_CaptureCallback
 .text.HAL_TIM_PWM_PulseFinishedCallback
                0x0000000008010940        0x2 build/stm32h7xx_hal_tim.o
                0x0000000008010940                HAL_TIM_PWM_PulseFinishedCallback
 .text.HAL_TIM_TriggerCallback
                0x0000000008010942        0x2 build/stm32h7xx_hal_tim.o
                0x0000000008010942                HAL_TIM_TriggerCallback
 .text.HAL_TIM_IRQHandler
                0x0000000008010944      0x17a build/stm32h7xx_hal_tim.o
                0x0000000008010944                HAL_TIM_IRQHandler
 *fill*         0x0000000008010abe        0x2 
 .text.TIM_Base_SetConfig
                0x0000000008010ac0      0x120 build/stm32h7xx_hal_tim.o
                0x0000000008010ac0                TIM_Base_SetConfig
 .text.HAL_TIM_Base_Init
                0x0000000008010be0       0x60 build/stm32h7xx_hal_tim.o
                0x0000000008010be0                HAL_TIM_Base_Init
 .text.TIM_ETR_SetConfig
                0x0000000008010c40       0x1a build/stm32h7xx_hal_tim.o
                0x0000000008010c40                TIM_ETR_SetConfig
 *fill*         0x0000000008010c5a        0x2 
 .text.HAL_TIM_ConfigClockSource
                0x0000000008010c5c      0x138 build/stm32h7xx_hal_tim.o
                0x0000000008010c5c                HAL_TIM_ConfigClockSource
 .text.HAL_TIMEx_MasterConfigSynchronization
                0x0000000008010d94       0xb0 build/stm32h7xx_hal_tim_ex.o
                0x0000000008010d94                HAL_TIMEx_MasterConfigSynchronization
 .text.HAL_TIMEx_CommutCallback
                0x0000000008010e44        0x2 build/stm32h7xx_hal_tim_ex.o
                0x0000000008010e44                HAL_TIMEx_CommutCallback
 .text.HAL_TIMEx_BreakCallback
                0x0000000008010e46        0x2 build/stm32h7xx_hal_tim_ex.o
                0x0000000008010e46                HAL_TIMEx_BreakCallback
 .text.HAL_TIMEx_Break2Callback
                0x0000000008010e48        0x2 build/stm32h7xx_hal_tim_ex.o
                0x0000000008010e48                HAL_TIMEx_Break2Callback
 *fill*         0x0000000008010e4a        0x2 
 .text.UART_EndRxTransfer
                0x0000000008010e4c       0x58 build/stm32h7xx_hal_uart.o
 .text.HAL_UART_TxCpltCallback
                0x0000000008010ea4        0x2 build/stm32h7xx_hal_uart.o
                0x0000000008010ea4                HAL_UART_TxCpltCallback
 .text.UART_EndTransmit_IT
                0x0000000008010ea6       0x24 build/stm32h7xx_hal_uart.o
 .text.HAL_UART_ErrorCallback
                0x0000000008010eca        0x2 build/stm32h7xx_hal_uart.o
                0x0000000008010eca                HAL_UART_ErrorCallback
 .text.UART_DMAAbortOnError
                0x0000000008010ecc       0x10 build/stm32h7xx_hal_uart.o
 .text.HAL_UARTEx_RxEventCallback
                0x0000000008010edc        0x2 build/stm32h7xx_hal_uart.o
                0x0000000008010edc                HAL_UARTEx_RxEventCallback
 *fill*         0x0000000008010ede        0x2 
 .text.HAL_UART_IRQHandler
                0x0000000008010ee0      0x3d4 build/stm32h7xx_hal_uart.o
                0x0000000008010ee0                HAL_UART_IRQHandler
 .text.UART_RxISR_8BIT
                0x00000000080112b4       0xdc build/stm32h7xx_hal_uart.o
 .text.UART_RxISR_16BIT
                0x0000000008011390       0xd8 build/stm32h7xx_hal_uart.o
 .text.UART_RxISR_8BIT_FIFOEN
                0x0000000008011468      0x1c8 build/stm32h7xx_hal_uart.o
 .text.UART_RxISR_16BIT_FIFOEN
                0x0000000008011630      0x1c8 build/stm32h7xx_hal_uart.o
 .text.UART_SetConfig
                0x00000000080117f8      0x6bc build/stm32h7xx_hal_uart.o
                0x00000000080117f8                UART_SetConfig
 .text.UART_AdvFeatureConfig
                0x0000000008011eb4       0xca build/stm32h7xx_hal_uart.o
                0x0000000008011eb4                UART_AdvFeatureConfig
 .text.UART_WaitOnFlagUntilTimeout
                0x0000000008011f7e       0xaa build/stm32h7xx_hal_uart.o
                0x0000000008011f7e                UART_WaitOnFlagUntilTimeout
 .text.HAL_UART_Transmit
                0x0000000008012028       0xd0 build/stm32h7xx_hal_uart.o
                0x0000000008012028                HAL_UART_Transmit
 .text.HAL_UART_Receive
                0x00000000080120f8      0x116 build/stm32h7xx_hal_uart.o
                0x00000000080120f8                HAL_UART_Receive
 .text.UART_CheckIdleState
                0x000000000801220e       0xca build/stm32h7xx_hal_uart.o
                0x000000000801220e                UART_CheckIdleState
 .text.HAL_UART_Init
                0x00000000080122d8       0x66 build/stm32h7xx_hal_uart.o
                0x00000000080122d8                HAL_UART_Init
 *fill*         0x000000000801233e        0x2 
 .text.UART_Start_Receive_IT
                0x0000000008012340      0x13c build/stm32h7xx_hal_uart.o
                0x0000000008012340                UART_Start_Receive_IT
 .text.HAL_UART_Receive_IT
                0x000000000801247c       0x4c build/stm32h7xx_hal_uart.o
                0x000000000801247c                HAL_UART_Receive_IT
 .text.UARTEx_SetNbDataToProcess
                0x00000000080124c8       0x4c build/stm32h7xx_hal_uart_ex.o
 .text.HAL_UARTEx_WakeupCallback
                0x0000000008012514        0x2 build/stm32h7xx_hal_uart_ex.o
                0x0000000008012514                HAL_UARTEx_WakeupCallback
 .text.HAL_UARTEx_RxFifoFullCallback
                0x0000000008012516        0x2 build/stm32h7xx_hal_uart_ex.o
                0x0000000008012516                HAL_UARTEx_RxFifoFullCallback
 .text.HAL_UARTEx_TxFifoEmptyCallback
                0x0000000008012518        0x2 build/stm32h7xx_hal_uart_ex.o
                0x0000000008012518                HAL_UARTEx_TxFifoEmptyCallback
 .text.HAL_UARTEx_DisableFifoMode
                0x000000000801251a       0x3e build/stm32h7xx_hal_uart_ex.o
                0x000000000801251a                HAL_UARTEx_DisableFifoMode
 .text.HAL_UARTEx_SetTxFifoThreshold
                0x0000000008012558       0x4a build/stm32h7xx_hal_uart_ex.o
                0x0000000008012558                HAL_UARTEx_SetTxFifoThreshold
 .text.HAL_UARTEx_SetRxFifoThreshold
                0x00000000080125a2       0x4a build/stm32h7xx_hal_uart_ex.o
                0x00000000080125a2                HAL_UARTEx_SetRxFifoThreshold
 .text.arm_mat_init_f32
                0x00000000080125ec        0x8 build/arm_mat_init_f32.o
                0x00000000080125ec                arm_mat_init_f32
 .text.arm_mat_inverse_f32
                0x00000000080125f4      0x1f0 build/arm_mat_inverse_f32.o
                0x00000000080125f4                arm_mat_inverse_f32
 .text.arm_mat_mult_f32
                0x00000000080127e4       0x74 build/arm_mat_mult_f32.o
                0x00000000080127e4                arm_mat_mult_f32
 .text.arm_mat_trans_f32
                0x0000000008012858       0x38 build/arm_mat_trans_f32.o
                0x0000000008012858                arm_mat_trans_f32
 .text.SystemInit
                0x0000000008012890       0xd0 build/system_stm32h7xx.o
                0x0000000008012890                SystemInit
 .text.ExitRun0Mode
                0x0000000008012960       0x1c build/system_stm32h7xx.o
                0x0000000008012960                ExitRun0Mode
 .text.disk_status
                0x000000000801297c       0x18 build/diskio.o
                0x000000000801297c                disk_status
 .text.disk_initialize
                0x0000000008012994       0x2c build/diskio.o
                0x0000000008012994                disk_initialize
 .text.disk_read
                0x00000000080129c0       0x18 build/diskio.o
                0x00000000080129c0                disk_read
 .text.disk_write
                0x00000000080129d8       0x18 build/diskio.o
                0x00000000080129d8                disk_write
 .text.disk_ioctl
                0x00000000080129f0       0x18 build/diskio.o
                0x00000000080129f0                disk_ioctl
 .text.ld_word  0x0000000008012a08        0xa build/ff.o
 .text.ld_dword
                0x0000000008012a12       0x16 build/ff.o
 .text.clear_lock
                0x0000000008012a28       0x3c build/ff.o
 .text.get_ldnumber
                0x0000000008012a64       0x48 build/ff.o
 .text.sync_window
                0x0000000008012aac       0x54 build/ff.o
 .text.move_window
                0x0000000008012b00       0x36 build/ff.o
 *fill*         0x0000000008012b36        0x2 
 .text.check_fs
                0x0000000008012b38       0x78 build/ff.o
 .text.find_volume
                0x0000000008012bb0      0x354 build/ff.o
 .text.f_mount  0x0000000008012f04       0x60 build/ff.o
                0x0000000008012f04                f_mount
 .text.FATFS_LinkDriverEx
                0x0000000008012f64       0x54 build/ff_gen_drv.o
                0x0000000008012f64                FATFS_LinkDriverEx
 .text.FATFS_LinkDriver
                0x0000000008012fb8        0xa build/ff_gen_drv.o
                0x0000000008012fb8                FATFS_LinkDriver
 *fill*         0x0000000008012fc2        0x2 
 .text._sbrk    0x0000000008012fc4       0x48 build/sysmem.o
                0x0000000008012fc4                _sbrk
 .text._getpid  0x000000000801300c        0x4 build/syscalls.o
                0x000000000801300c                _getpid
 .text._kill    0x0000000008013010       0x10 build/syscalls.o
                0x0000000008013010                _kill
 .text._exit    0x0000000008013020        0xc build/syscalls.o
                0x0000000008013020                _exit
 .text._read    0x000000000801302c       0x20 build/syscalls.o
                0x000000000801302c                _read
 .text._write   0x000000000801304c       0x1c build/syscalls.o
                0x000000000801304c                _write
 .text._close   0x0000000008013068        0x6 build/syscalls.o
                0x0000000008013068                _close
 .text._fstat   0x000000000801306e        0xa build/syscalls.o
                0x000000000801306e                _fstat
 .text._isatty  0x0000000008013078        0x4 build/syscalls.o
                0x0000000008013078                _isatty
 .text._lseek   0x000000000801307c        0x4 build/syscalls.o
                0x000000000801307c                _lseek
 .text.Reset_Handler
                0x0000000008013080       0x54 build/startup_stm32h723xx.o
                0x0000000008013080                Reset_Handler
 .text.Default_Handler
                0x00000000080130d4        0x2 build/startup_stm32h723xx.o
                0x00000000080130d4                RTC_Alarm_IRQHandler
                0x00000000080130d4                EXTI2_IRQHandler
                0x00000000080130d4                TIM8_CC_IRQHandler
                0x00000000080130d4                UART8_IRQHandler
                0x00000000080130d4                SPI4_IRQHandler
                0x00000000080130d4                FDCAN3_IT0_IRQHandler
                0x00000000080130d4                TIM1_CC_IRQHandler
                0x00000000080130d4                BDMA_Channel6_IRQHandler
                0x00000000080130d4                DMA2_Stream5_IRQHandler
                0x00000000080130d4                CORDIC_IRQHandler
                0x00000000080130d4                BDMA_Channel1_IRQHandler
                0x00000000080130d4                TAMP_STAMP_IRQHandler
                0x00000000080130d4                EXTI3_IRQHandler
                0x00000000080130d4                LPTIM4_IRQHandler
                0x00000000080130d4                TIM8_TRG_COM_TIM14_IRQHandler
                0x00000000080130d4                LPTIM2_IRQHandler
                0x00000000080130d4                DFSDM1_FLT1_IRQHandler
                0x00000000080130d4                DMAMUX2_OVR_IRQHandler
                0x00000000080130d4                TIM8_UP_TIM13_IRQHandler
                0x00000000080130d4                I2C3_ER_IRQHandler
                0x00000000080130d4                DFSDM1_FLT2_IRQHandler
                0x00000000080130d4                I2C5_EV_IRQHandler
                0x00000000080130d4                USART10_IRQHandler
                0x00000000080130d4                MDMA_IRQHandler
                0x00000000080130d4                LPTIM3_IRQHandler
                0x00000000080130d4                HSEM1_IRQHandler
                0x00000000080130d4                EXTI0_IRQHandler
                0x00000000080130d4                I2C2_EV_IRQHandler
                0x00000000080130d4                FPU_IRQHandler
                0x00000000080130d4                OTG_HS_WKUP_IRQHandler
                0x00000000080130d4                FDCAN1_IT1_IRQHandler
                0x00000000080130d4                LTDC_ER_IRQHandler
                0x00000000080130d4                DMA2_Stream2_IRQHandler
                0x00000000080130d4                OCTOSPI1_IRQHandler
                0x00000000080130d4                TIM6_DAC_IRQHandler
                0x00000000080130d4                DMA2_Stream3_IRQHandler
                0x00000000080130d4                OCTOSPI2_IRQHandler
                0x00000000080130d4                DFSDM1_FLT3_IRQHandler
                0x00000000080130d4                TIM23_IRQHandler
                0x00000000080130d4                USART6_IRQHandler
                0x00000000080130d4                TIM17_IRQHandler
                0x00000000080130d4                BDMA_Channel7_IRQHandler
                0x00000000080130d4                LPTIM5_IRQHandler
                0x00000000080130d4                UART5_IRQHandler
                0x00000000080130d4                ADC3_IRQHandler
                0x00000000080130d4                DMA2_Stream0_IRQHandler
                0x00000000080130d4                BDMA_Channel2_IRQHandler
                0x00000000080130d4                I2C1_EV_IRQHandler
                0x00000000080130d4                DMAMUX1_OVR_IRQHandler
                0x00000000080130d4                TIM16_IRQHandler
                0x00000000080130d4                UART4_IRQHandler
                0x00000000080130d4                BDMA_Channel5_IRQHandler
                0x00000000080130d4                RCC_IRQHandler
                0x00000000080130d4                UART9_IRQHandler
                0x00000000080130d4                TIM8_BRK_TIM12_IRQHandler
                0x00000000080130d4                TIM1_TRG_COM_IRQHandler
                0x00000000080130d4                Default_Handler
                0x00000000080130d4                ECC_IRQHandler
                0x00000000080130d4                FMAC_IRQHandler
                0x00000000080130d4                CEC_IRQHandler
                0x00000000080130d4                EXTI15_10_IRQHandler
                0x00000000080130d4                BDMA_Channel0_IRQHandler
                0x00000000080130d4                ADC_IRQHandler
                0x00000000080130d4                I2C5_ER_IRQHandler
                0x00000000080130d4                SPI5_IRQHandler
                0x00000000080130d4                TIM7_IRQHandler
                0x00000000080130d4                FDCAN3_IT1_IRQHandler
                0x00000000080130d4                SDMMC1_IRQHandler
                0x00000000080130d4                TIM5_IRQHandler
                0x00000000080130d4                DMA2_Stream7_IRQHandler
                0x00000000080130d4                TIM15_IRQHandler
                0x00000000080130d4                PVD_AVD_IRQHandler
                0x00000000080130d4                I2C3_EV_IRQHandler
                0x00000000080130d4                EXTI9_5_IRQHandler
                0x00000000080130d4                RTC_WKUP_IRQHandler
                0x00000000080130d4                LTDC_IRQHandler
                0x00000000080130d4                ETH_WKUP_IRQHandler
                0x00000000080130d4                SPDIF_RX_IRQHandler
                0x00000000080130d4                SPI2_IRQHandler
                0x00000000080130d4                OTG_HS_EP1_IN_IRQHandler
                0x00000000080130d4                TIM24_IRQHandler
                0x00000000080130d4                CRS_IRQHandler
                0x00000000080130d4                EXTI4_IRQHandler
                0x00000000080130d4                RNG_IRQHandler
                0x00000000080130d4                FDCAN2_IT1_IRQHandler
                0x00000000080130d4                ETH_IRQHandler
                0x00000000080130d4                TIM1_UP_IRQHandler
                0x00000000080130d4                BDMA_Channel4_IRQHandler
                0x00000000080130d4                OTG_HS_EP1_OUT_IRQHandler
                0x00000000080130d4                WWDG_IRQHandler
                0x00000000080130d4                SPI6_IRQHandler
                0x00000000080130d4                MDIOS_IRQHandler
                0x00000000080130d4                I2C4_EV_IRQHandler
                0x00000000080130d4                FDCAN2_IT0_IRQHandler
                0x00000000080130d4                LPUART1_IRQHandler
                0x00000000080130d4                FDCAN1_IT0_IRQHandler
                0x00000000080130d4                TIM2_IRQHandler
                0x00000000080130d4                OTG_HS_IRQHandler
                0x00000000080130d4                DMA2D_IRQHandler
                0x00000000080130d4                TIM1_BRK_IRQHandler
                0x00000000080130d4                EXTI1_IRQHandler
                0x00000000080130d4                SDMMC2_IRQHandler
                0x00000000080130d4                BDMA_Channel3_IRQHandler
                0x00000000080130d4                DTS_IRQHandler
                0x00000000080130d4                UART7_IRQHandler
                0x00000000080130d4                MDIOS_WKUP_IRQHandler
                0x00000000080130d4                USART2_IRQHandler
                0x00000000080130d4                DFSDM1_FLT0_IRQHandler
                0x00000000080130d4                SAI4_IRQHandler
                0x00000000080130d4                I2C2_ER_IRQHandler
                0x00000000080130d4                DMA2_Stream1_IRQHandler
                0x00000000080130d4                FLASH_IRQHandler
                0x00000000080130d4                DMA2_Stream4_IRQHandler
                0x00000000080130d4                WAKEUP_PIN_IRQHandler
                0x00000000080130d4                I2C1_ER_IRQHandler
                0x00000000080130d4                FMC_IRQHandler
                0x00000000080130d4                FDCAN_CAL_IRQHandler
                0x00000000080130d4                SWPMI1_IRQHandler
                0x00000000080130d4                COMP1_IRQHandler
                0x00000000080130d4                LPTIM1_IRQHandler
                0x00000000080130d4                DCMI_PSSI_IRQHandler
                0x00000000080130d4                I2C4_ER_IRQHandler
                0x00000000080130d4                DMA2_Stream6_IRQHandler
                0x00000000080130d4                SAI1_IRQHandler
 *(.glue_7)
 .glue_7        0x00000000080130d6        0x0 linker stubs
 *(.glue_7t)
 .glue_7t       0x00000000080130d6        0x0 linker stubs
 *(.eh_frame)
 *fill*         0x00000000080130d6        0x2 
 .eh_frame      0x00000000080130d8        0x0 /usr/lib/gcc/arm-none-eabi/10.3.1/thumb/v7e-m+dp/hard/crtbegin.o
 *(.init)
 .init          0x00000000080130d8        0x4 /usr/lib/gcc/arm-none-eabi/10.3.1/thumb/v7e-m+dp/hard/crti.o
                0x00000000080130d8                _init
 .init          0x00000000080130dc        0x8 /usr/lib/gcc/arm-none-eabi/10.3.1/thumb/v7e-m+dp/hard/crtn.o
 *(.fini)
 .fini          0x00000000080130e4        0x4 /usr/lib/gcc/arm-none-eabi/10.3.1/thumb/v7e-m+dp/hard/crti.o
                0x00000000080130e4                _fini
 .fini          0x00000000080130e8        0x8 /usr/lib/gcc/arm-none-eabi/10.3.1/thumb/v7e-m+dp/hard/crtn.o
                0x00000000080130f0                . = ALIGN (0x4)
                0x00000000080130f0                _etext = .

.vfp11_veneer   0x00000000080130f0        0x0
 .vfp11_veneer  0x00000000080130f0        0x0 linker stubs

.v4_bx          0x00000000080130f0        0x0
 .v4_bx         0x00000000080130f0        0x0 linker stubs

.iplt           0x00000000080130f0        0x0
 .iplt          0x00000000080130f0        0x0 /usr/lib/gcc/arm-none-eabi/10.3.1/thumb/v7e-m+dp/hard/crtbegin.o

.rodata         0x00000000080130f0     0x25fc
                0x00000000080130f0                . = ALIGN (0x4)
 *(.rodata)
 .rodata        0x00000000080130f0        0x4 /usr/lib/gcc/arm-none-eabi/10.3.1/../../../arm-none-eabi/lib/thumb/v7e-m+dp/hard/libc_nano.a(lib_a-impure.o)
                0x00000000080130f0                _global_impure_ptr
 *fill*         0x00000000080130f4        0x4 
 .rodata        0x00000000080130f8      0x128 /usr/lib/gcc/arm-none-eabi/10.3.1/../../../arm-none-eabi/lib/thumb/v7e-m+dp/hard/libc_nano.a(lib_a-mprec.o)
                0x0000000008013108                __mprec_tens
                0x00000000080131d0                __mprec_tinytens
                0x00000000080131f8                __mprec_bigtens
 .rodata        0x0000000008013220      0x101 /usr/lib/gcc/arm-none-eabi/10.3.1/../../../arm-none-eabi/lib/thumb/v7e-m+dp/hard/libc_nano.a(lib_a-ctype_.o)
                0x0000000008013220                _ctype_
 *fill*         0x0000000008013321        0x3 
 .rodata        0x0000000008013324       0x60 /usr/lib/gcc/arm-none-eabi/10.3.1/../../../arm-none-eabi/lib/thumb/v7e-m+dp/hard/libc_nano.a(lib_a-findfp.o)
                0x0000000008013324                __sf_fake_stderr
                0x0000000008013344                __sf_fake_stdout
                0x0000000008013364                __sf_fake_stdin
 *fill*         0x0000000008013384        0x4 
 .rodata        0x0000000008013388     0x1048 /usr/lib/gcc/arm-none-eabi/10.3.1/../../../arm-none-eabi/lib/thumb/v7e-m+dp/hard/libm.a(lib_a-pow_log_data.o)
                0x0000000008013388                __pow_log_data
 .rodata        0x00000000080143d0      0x140 /usr/lib/gcc/arm-none-eabi/10.3.1/../../../arm-none-eabi/lib/thumb/v7e-m+dp/hard/libm.a(lib_a-sincosf_data.o)
                0x00000000080143d0                __inv_pio4
                0x0000000008014430                __sincosf_table
 .rodata        0x0000000008014510       0x18 /usr/lib/gcc/arm-none-eabi/10.3.1/../../../arm-none-eabi/lib/thumb/v7e-m+dp/hard/libm.a(lib_a-ef_atan2.o)
 .rodata        0x0000000008014528      0x870 /usr/lib/gcc/arm-none-eabi/10.3.1/../../../arm-none-eabi/lib/thumb/v7e-m+dp/hard/libm.a(lib_a-exp_data.o)
                0x0000000008014528                __exp_data
 .rodata        0x0000000008014d98       0x20 /usr/lib/gcc/arm-none-eabi/10.3.1/../../../arm-none-eabi/lib/thumb/v7e-m+dp/hard/libm.a(lib_a-sf_atan.o)
 *(.rodata*)
 .rodata.sendS.str1.4
                0x0000000008014db8       0x1c build/DefFuncs.o
 .rodata.sendMat.str1.4
                0x0000000008014dd4       0x10 build/DefFuncs.o
                                         0x14 (size before relaxing)
 .rodata.newL.str1.4
                0x0000000008014de4       0x10 build/DefFuncs.o
                                          0x3 (size before relaxing)
 .rodata.ring_init.str1.4
                0x0000000008014de4       0x3f build/RingBuf.o
                                         0x43 (size before relaxing)
 *fill*         0x0000000008014e23        0x1 
 .rodata.bmp280_init.str1.4
                0x0000000008014e24      0x15b build/bmp_280.o
                                        0x15f (size before relaxing)
 *fill*         0x0000000008014f7f        0x1 
 .rodata.user_bank.str1.4
                0x0000000008014f80       0x14 build/icm_20649.o
                                         0x16 (size before relaxing)
 .rodata.icm20649_init.str1.4
                0x0000000008014f94      0x3e7 build/icm_20649.o
 *fill*         0x000000000801537b        0x1 
 .rodata.statemachine_init.str1.4
                0x000000000801537c       0x31 build/StateMachine.o
                                         0x39 (size before relaxing)
 *fill*         0x00000000080153ad        0x3 
 .rodata.BaseState.str1.4
                0x00000000080153b0       0x60 build/States.o
                                         0x64 (size before relaxing)
 .rodata.GroundState.str1.4
                0x0000000008015410       0x31 build/States.o
 *fill*         0x0000000008015441        0x3 
 .rodata.ArmedState.str1.4
                0x0000000008015444       0x1b build/States.o
 *fill*         0x000000000801545f        0x1 
 .rodata.FastAscentState.str1.4
                0x0000000008015460       0x1b build/States.o
 *fill*         0x000000000801547b        0x1 
 .rodata.SlowAscentState.str1.4
                0x000000000801547c       0x15 build/States.o
 *fill*         0x0000000008015491        0x3 
 .rodata.ApogeeState.str1.4
                0x0000000008015494       0x18 build/States.o
 .rodata.FreefallState.str1.4
                0x00000000080154ac       0x13 build/States.o
 *fill*         0x00000000080154bf        0x1 
 .rodata.LandedState.str1.4
                0x00000000080154c0       0x5a build/States.o
 *fill*         0x000000000801551a        0x2 
 .rodata.HAL_UART_RxCpltCallback.str1.4
                0x000000000801551c       0x4c build/States.o
 .rodata.flagBitshiftOffset.0
                0x0000000008015568        0x8 build/stm32h7xx_hal_dma.o
 .rodata.UARTPrescTable
                0x0000000008015570       0x18 build/stm32h7xx_hal_uart.o
                0x0000000008015570                UARTPrescTable
 .rodata.denominator.0
                0x0000000008015588        0x8 build/stm32h7xx_hal_uart_ex.o
 .rodata.numerator.1
                0x0000000008015590        0x8 build/stm32h7xx_hal_uart_ex.o
 .rodata.D1CorePrescTable
                0x0000000008015598       0x10 build/system_stm32h7xx.o
                0x0000000008015598                D1CorePrescTable
 .rodata.str1.4
                0x00000000080155a8       0x12 /usr/lib/gcc/arm-none-eabi/10.3.1/../../../arm-none-eabi/lib/thumb/v7e-m+dp/hard/libc_nano.a(lib_a-nano-vfprintf_float.o)
 *fill*         0x00000000080155ba        0x2 
 .rodata.str1.4
                0x00000000080155bc       0x25 /usr/lib/gcc/arm-none-eabi/10.3.1/../../../arm-none-eabi/lib/thumb/v7e-m+dp/hard/libc_nano.a(lib_a-nano-vfprintf_i.o)
 *fill*         0x00000000080155e1        0x3 
 .rodata.str1.4
                0x00000000080155e4       0x6d /usr/lib/gcc/arm-none-eabi/10.3.1/../../../arm-none-eabi/lib/thumb/v7e-m+dp/hard/libc_nano.a(lib_a-dtoa.o)
                                         0x71 (size before relaxing)
 *fill*         0x0000000008015651        0x3 
 .rodata.str1.4
                0x0000000008015654       0x33 /usr/lib/gcc/arm-none-eabi/10.3.1/../../../arm-none-eabi/lib/thumb/v7e-m+dp/hard/libc_nano.a(lib_a-mprec.o)
                                         0x5d (size before relaxing)
 *fill*         0x0000000008015687        0x1 
 .rodata.str1.4
                0x0000000008015688       0x13 /usr/lib/gcc/arm-none-eabi/10.3.1/../../../arm-none-eabi/lib/thumb/v7e-m+dp/hard/libc_nano.a(lib_a-nano-svfprintf.o)
 *fill*         0x000000000801569b        0x1 
 .rodata.str1.4
                0x000000000801569c       0x3f /usr/lib/gcc/arm-none-eabi/10.3.1/../../../arm-none-eabi/lib/thumb/v7e-m+dp/hard/libc_nano.a(lib_a-assert.o)
                                         0x43 (size before relaxing)
 *fill*         0x00000000080156db        0x1 
 .rodata.str1.4
                0x00000000080156dc        0xe /usr/lib/gcc/arm-none-eabi/10.3.1/../../../arm-none-eabi/lib/thumb/v7e-m+dp/hard/libc_nano.a(lib_a-locale.o)
                                         0x12 (size before relaxing)
 .rodata.str1.4
                0x00000000080156ea       0x13 /usr/lib/gcc/arm-none-eabi/10.3.1/../../../arm-none-eabi/lib/thumb/v7e-m+dp/hard/libc_nano.a(lib_a-nano-vfprintf.o)
 .rodata.str1.4
                0x00000000080156ea        0x1 /usr/lib/gcc/arm-none-eabi/10.3.1/../../../arm-none-eabi/lib/thumb/v7e-m+dp/hard/libm.a(lib_a-wf_asin.o)
                0x0000000008015700                . = ALIGN (0x4)
 *fill*         0x00000000080156ea        0x2 

.ARM.extab
 *(.ARM.extab* .gnu.linkonce.armextab.*)

.ARM            0x00000000080156ec        0x8
                0x00000000080156ec                __exidx_start = .
 *(.ARM.exidx*)
 .ARM.exidx     0x00000000080156ec        0x8 /usr/lib/gcc/arm-none-eabi/10.3.1/thumb/v7e-m+dp/hard/libgcc.a(_udivmoddi4.o)
                0x00000000080156f4                __exidx_end = .

.rel.dyn        0x00000000080156f4        0x0
 .rel.iplt      0x00000000080156f4        0x0 /usr/lib/gcc/arm-none-eabi/10.3.1/thumb/v7e-m+dp/hard/crtbegin.o

.preinit_array  0x00000000080156f4        0x0
                0x00000000080156f4                PROVIDE (__preinit_array_start = .)
 *(.preinit_array*)
                0x00000000080156f4                PROVIDE (__preinit_array_end = .)

.init_array     0x00000000080156f4        0x4
                0x00000000080156f4                PROVIDE (__init_array_start = .)
 *(SORT_BY_NAME(.init_array.*))
 *(.init_array*)
 .init_array    0x00000000080156f4        0x4 /usr/lib/gcc/arm-none-eabi/10.3.1/thumb/v7e-m+dp/hard/crtbegin.o
                0x00000000080156f8                PROVIDE (__init_array_end = .)

.fini_array     0x00000000080156f8        0x4
                0x00000000080156f8                PROVIDE (__fini_array_start = .)
 *(SORT_BY_NAME(.fini_array.*))
 *(.fini_array*)
 .fini_array    0x00000000080156f8        0x4 /usr/lib/gcc/arm-none-eabi/10.3.1/thumb/v7e-m+dp/hard/crtbegin.o
                0x00000000080156fc                PROVIDE (__fini_array_end = .)
                0x00000000080156fc                _sidata = LOADADDR (.data)

.data           0x0000000020000000      0x8ac load address 0x00000000080156fc
                0x0000000020000000                . = ALIGN (0x4)
                0x0000000020000000                _sdata = .
 *(.data)
 .data          0x0000000020000000       0x64 /usr/lib/gcc/arm-none-eabi/10.3.1/../../../arm-none-eabi/lib/thumb/v7e-m+dp/hard/libc_nano.a(lib_a-impure.o)
                0x0000000020000000                _impure_ptr
 .data          0x0000000020000064      0x16c /usr/lib/gcc/arm-none-eabi/10.3.1/../../../arm-none-eabi/lib/thumb/v7e-m+dp/hard/libc_nano.a(lib_a-locale.o)
                0x0000000020000064                __global_locale
 .data          0x00000000200001d0        0x1 /usr/lib/gcc/arm-none-eabi/10.3.1/../../../arm-none-eabi/lib/thumb/v7e-m+dp/hard/libm.a(lib_a-s_lib_ver.o)
                0x00000000200001d0                __fdlib_version
 *(.data*)
 .data.startUpMeas
                0x00000000200001d1        0x1 build/StateMachine.o
                0x00000000200001d1                startUpMeas
 .data.firstIntegration
                0x00000000200001d2        0x1 build/FEKF.o
                0x00000000200001d2                firstIntegration
 *fill*         0x00000000200001d3        0x1 
 .data.AI6x6    0x00000000200001d4       0x90 build/GEKF.o
                0x00000000200001d4                AI6x6
 .data.AI7x7    0x0000000020000264       0xc4 build/GEKF.o
                0x0000000020000264                AI7x7
 .data.HI6x6    0x0000000020000328       0x90 build/GEKF.o
                0x0000000020000328                HI6x6
 .data.HI7x7    0x00000000200003b8       0xc4 build/GEKF.o
                0x00000000200003b8                HI7x7
 .data.PI6x6    0x000000002000047c       0x90 build/GEKF.o
                0x000000002000047c                PI6x6
 .data.PI7x7    0x000000002000050c       0xc4 build/GEKF.o
                0x000000002000050c                PI7x7
 .data.QI6x6    0x00000000200005d0       0x90 build/GEKF.o
                0x00000000200005d0                QI6x6
 .data.QI7x7    0x0000000020000660       0xc4 build/GEKF.o
                0x0000000020000660                QI7x7
 .data.RI6x6    0x0000000020000724       0x90 build/GEKF.o
                0x0000000020000724                RI6x6
 .data.RI7x7    0x00000000200007b4       0xc4 build/GEKF.o
                0x00000000200007b4                RI7x7
 .data.eps      0x0000000020000878        0x4 build/GEKF.o
                0x0000000020000878                eps
 .data.ApogeeFirst
                0x000000002000087c        0x1 build/States.o
                0x000000002000087c                ApogeeFirst
 .data.ArmFirst
                0x000000002000087d        0x1 build/States.o
                0x000000002000087d                ArmFirst
 .data.FastAscentFirst
                0x000000002000087e        0x1 build/States.o
                0x000000002000087e                FastAscentFirst
 .data.FreefallFirst
                0x000000002000087f        0x1 build/States.o
                0x000000002000087f                FreefallFirst
 .data.GroundFirst
                0x0000000020000880        0x1 build/States.o
                0x0000000020000880                GroundFirst
 .data.LandedFirst
                0x0000000020000881        0x1 build/States.o
                0x0000000020000881                LandedFirst
 .data.SlowAscentFirst
                0x0000000020000882        0x1 build/States.o
                0x0000000020000882                SlowAscentFirst
 .data.print_Arm_msg
                0x0000000020000883        0x1 build/States.o
                0x0000000020000883                print_Arm_msg
 .data.startUp_T3
                0x0000000020000884        0x1 build/Time.o
                0x0000000020000884                startUp_T3
 .data.startUp_T4
                0x0000000020000885        0x1 build/Time.o
                0x0000000020000885                startUp_T4
 .data.Stat     0x0000000020000886        0x1 build/user_diskio.o
 *fill*         0x0000000020000887        0x1 
 .data.USER_Driver
                0x0000000020000888       0x14 build/user_diskio.o
                0x0000000020000888                USER_Driver
 .data.uwTickFreq
                0x000000002000089c        0x1 build/stm32h7xx_hal.o
                0x000000002000089c                uwTickFreq
 *fill*         0x000000002000089d        0x3 
 .data.uwTickPrio
                0x00000000200008a0        0x4 build/stm32h7xx_hal.o
                0x00000000200008a0                uwTickPrio
 .data.SystemCoreClock
                0x00000000200008a4        0x4 build/system_stm32h7xx.o
                0x00000000200008a4                SystemCoreClock
 .data.SystemD2Clock
                0x00000000200008a8        0x4 build/system_stm32h7xx.o
                0x00000000200008a8                SystemD2Clock
                0x00000000200008ac                . = ALIGN (0x4)
                0x00000000200008ac                _edata = .

.tm_clone_table
                0x00000000200008ac        0x0 load address 0x0000000008015fa8
 .tm_clone_table
                0x00000000200008ac        0x0 /usr/lib/gcc/arm-none-eabi/10.3.1/thumb/v7e-m+dp/hard/crtbegin.o
 .tm_clone_table
                0x00000000200008ac        0x0 /usr/lib/gcc/arm-none-eabi/10.3.1/thumb/v7e-m+dp/hard/crtend.o

.igot.plt       0x00000000200008ac        0x0 load address 0x0000000008015fa8
 .igot.plt      0x00000000200008ac        0x0 /usr/lib/gcc/arm-none-eabi/10.3.1/thumb/v7e-m+dp/hard/crtbegin.o
                0x00000000200008ac                . = ALIGN (0x4)

.bss            0x00000000200008ac     0x36a8 load address 0x0000000008015fa8
                0x00000000200008ac                _sbss = .
                0x00000000200008ac                __bss_start__ = _sbss
 *(.bss)
 .bss           0x00000000200008ac       0x1c /usr/lib/gcc/arm-none-eabi/10.3.1/thumb/v7e-m+dp/hard/crtbegin.o
 .bss           0x00000000200008c8        0x8 /usr/lib/gcc/arm-none-eabi/10.3.1/../../../arm-none-eabi/lib/thumb/v7e-m+dp/hard/libc_nano.a(lib_a-nano-mallocr.o)
                0x00000000200008c8                __malloc_free_list
                0x00000000200008cc                __malloc_sbrk_start
 .bss           0x00000000200008d0        0x4 /usr/lib/gcc/arm-none-eabi/10.3.1/../../../arm-none-eabi/lib/thumb/v7e-m+dp/hard/libc_nano.a(lib_a-reent.o)
                0x00000000200008d0                errno
 *(.bss*)
 .bss.hadc2     0x00000000200008d4       0x70 build/init.o
                0x00000000200008d4                hadc2
 .bss.hadc3     0x0000000020000944       0x70 build/init.o
                0x0000000020000944                hadc3
 .bss.hdma_i2c1_rx
                0x00000000200009b4       0x78 build/init.o
                0x00000000200009b4                hdma_i2c1_rx
 .bss.hdma_i2c1_tx
                0x0000000020000a2c       0x78 build/init.o
                0x0000000020000a2c                hdma_i2c1_tx
 .bss.hdma_spi1_rx
                0x0000000020000aa4       0x78 build/init.o
                0x0000000020000aa4                hdma_spi1_rx
 .bss.hdma_spi1_tx
                0x0000000020000b1c       0x78 build/init.o
                0x0000000020000b1c                hdma_spi1_tx
 .bss.hdma_spi3_rx
                0x0000000020000b94       0x78 build/init.o
                0x0000000020000b94                hdma_spi3_rx
 .bss.hdma_spi3_tx
                0x0000000020000c0c       0x78 build/init.o
                0x0000000020000c0c                hdma_spi3_tx
 .bss.hdma_usart1_rx
                0x0000000020000c84       0x78 build/init.o
                0x0000000020000c84                hdma_usart1_rx
 .bss.hdma_usart1_tx
                0x0000000020000cfc       0x78 build/init.o
                0x0000000020000cfc                hdma_usart1_tx
 .bss.hi2c1     0x0000000020000d74       0x54 build/init.o
                0x0000000020000d74                hi2c1
 .bss.hospi1    0x0000000020000dc8       0x5c build/init.o
                0x0000000020000dc8                hospi1
 .bss.hspi1     0x0000000020000e24       0x88 build/init.o
                0x0000000020000e24                hspi1
 .bss.hspi2     0x0000000020000eac       0x88 build/init.o
                0x0000000020000eac                hspi2
 .bss.hspi3     0x0000000020000f34       0x88 build/init.o
                0x0000000020000f34                hspi3
 .bss.htim2     0x0000000020000fbc       0x4c build/init.o
                0x0000000020000fbc                htim2
 .bss.htim3     0x0000000020001008       0x4c build/init.o
                0x0000000020001008                htim3
 .bss.htim4     0x0000000020001054       0x4c build/init.o
                0x0000000020001054                htim4
 .bss.huart1    0x00000000200010a0       0x94 build/init.o